Archive member included to satisfy reference by file (symbol)

D:/microcontrolers/STM32/CubeIDE/STM32CubeIDE_1.13.0/STM32CubeIDE/plugins/com.st.stm32cube.ide.mcu.externaltools.gnu-tools-for-stm32.11.3.rel1.win32_1.1.0.202305231506/tools/bin/../lib/gcc/arm-none-eabi/11.3.1/../../../../arm-none-eabi/lib/thumb/v7-m/nofp\libstdc++_nano.a(del_ops.o)
                              ./Core/Src/LcdDisplay.o (operator delete(void*, unsigned int))
D:/microcontrolers/STM32/CubeIDE/STM32CubeIDE_1.13.0/STM32CubeIDE/plugins/com.st.stm32cube.ide.mcu.externaltools.gnu-tools-for-stm32.11.3.rel1.win32_1.1.0.202305231506/tools/bin/../lib/gcc/arm-none-eabi/11.3.1/../../../../arm-none-eabi/lib/thumb/v7-m/nofp\libstdc++_nano.a(del_op.o)
                              D:/microcontrolers/STM32/CubeIDE/STM32CubeIDE_1.13.0/STM32CubeIDE/plugins/com.st.stm32cube.ide.mcu.externaltools.gnu-tools-for-stm32.11.3.rel1.win32_1.1.0.202305231506/tools/bin/../lib/gcc/arm-none-eabi/11.3.1/../../../../arm-none-eabi/lib/thumb/v7-m/nofp\libstdc++_nano.a(del_ops.o) (operator delete(void*))
D:/microcontrolers/STM32/CubeIDE/STM32CubeIDE_1.13.0/STM32CubeIDE/plugins/com.st.stm32cube.ide.mcu.externaltools.gnu-tools-for-stm32.11.3.rel1.win32_1.1.0.202305231506/tools/bin/../lib/gcc/arm-none-eabi/11.3.1/../../../../arm-none-eabi/lib/thumb/v7-m/nofp\libc_nano.a(libc_a-exit.o)
                              D:/microcontrolers/STM32/CubeIDE/STM32CubeIDE_1.13.0/STM32CubeIDE/plugins/com.st.stm32cube.ide.mcu.externaltools.gnu-tools-for-stm32.11.3.rel1.win32_1.1.0.202305231506/tools/bin/../lib/gcc/arm-none-eabi/11.3.1/../../../../arm-none-eabi/lib/thumb/v7-m/nofp/crt0.o (exit)
D:/microcontrolers/STM32/CubeIDE/STM32CubeIDE_1.13.0/STM32CubeIDE/plugins/com.st.stm32cube.ide.mcu.externaltools.gnu-tools-for-stm32.11.3.rel1.win32_1.1.0.202305231506/tools/bin/../lib/gcc/arm-none-eabi/11.3.1/../../../../arm-none-eabi/lib/thumb/v7-m/nofp\libc_nano.a(libc_a-malloc.o)
                              D:/microcontrolers/STM32/CubeIDE/STM32CubeIDE_1.13.0/STM32CubeIDE/plugins/com.st.stm32cube.ide.mcu.externaltools.gnu-tools-for-stm32.11.3.rel1.win32_1.1.0.202305231506/tools/bin/../lib/gcc/arm-none-eabi/11.3.1/../../../../arm-none-eabi/lib/thumb/v7-m/nofp\libstdc++_nano.a(del_op.o) (free)
D:/microcontrolers/STM32/CubeIDE/STM32CubeIDE_1.13.0/STM32CubeIDE/plugins/com.st.stm32cube.ide.mcu.externaltools.gnu-tools-for-stm32.11.3.rel1.win32_1.1.0.202305231506/tools/bin/../lib/gcc/arm-none-eabi/11.3.1/../../../../arm-none-eabi/lib/thumb/v7-m/nofp\libc_nano.a(libc_a-mallocr.o)
                              D:/microcontrolers/STM32/CubeIDE/STM32CubeIDE_1.13.0/STM32CubeIDE/plugins/com.st.stm32cube.ide.mcu.externaltools.gnu-tools-for-stm32.11.3.rel1.win32_1.1.0.202305231506/tools/bin/../lib/gcc/arm-none-eabi/11.3.1/../../../../arm-none-eabi/lib/thumb/v7-m/nofp\libc_nano.a(libc_a-malloc.o) (_malloc_r)
D:/microcontrolers/STM32/CubeIDE/STM32CubeIDE_1.13.0/STM32CubeIDE/plugins/com.st.stm32cube.ide.mcu.externaltools.gnu-tools-for-stm32.11.3.rel1.win32_1.1.0.202305231506/tools/bin/../lib/gcc/arm-none-eabi/11.3.1/../../../../arm-none-eabi/lib/thumb/v7-m/nofp\libc_nano.a(libc_a-mlock.o)
                              D:/microcontrolers/STM32/CubeIDE/STM32CubeIDE_1.13.0/STM32CubeIDE/plugins/com.st.stm32cube.ide.mcu.externaltools.gnu-tools-for-stm32.11.3.rel1.win32_1.1.0.202305231506/tools/bin/../lib/gcc/arm-none-eabi/11.3.1/../../../../arm-none-eabi/lib/thumb/v7-m/nofp\libc_nano.a(libc_a-mallocr.o) (__malloc_lock)
D:/microcontrolers/STM32/CubeIDE/STM32CubeIDE_1.13.0/STM32CubeIDE/plugins/com.st.stm32cube.ide.mcu.externaltools.gnu-tools-for-stm32.11.3.rel1.win32_1.1.0.202305231506/tools/bin/../lib/gcc/arm-none-eabi/11.3.1/../../../../arm-none-eabi/lib/thumb/v7-m/nofp\libc_nano.a(libc_a-findfp.o)
                              D:/microcontrolers/STM32/CubeIDE/STM32CubeIDE_1.13.0/STM32CubeIDE/plugins/com.st.stm32cube.ide.mcu.externaltools.gnu-tools-for-stm32.11.3.rel1.win32_1.1.0.202305231506/tools/bin/../lib/gcc/arm-none-eabi/11.3.1/../../../../arm-none-eabi/lib/thumb/v7-m/nofp\libc_nano.a(libc_a-exit.o) (__stdio_exit_handler)
D:/microcontrolers/STM32/CubeIDE/STM32CubeIDE_1.13.0/STM32CubeIDE/plugins/com.st.stm32cube.ide.mcu.externaltools.gnu-tools-for-stm32.11.3.rel1.win32_1.1.0.202305231506/tools/bin/../lib/gcc/arm-none-eabi/11.3.1/../../../../arm-none-eabi/lib/thumb/v7-m/nofp\libc_nano.a(libc_a-fwalk.o)
                              D:/microcontrolers/STM32/CubeIDE/STM32CubeIDE_1.13.0/STM32CubeIDE/plugins/com.st.stm32cube.ide.mcu.externaltools.gnu-tools-for-stm32.11.3.rel1.win32_1.1.0.202305231506/tools/bin/../lib/gcc/arm-none-eabi/11.3.1/../../../../arm-none-eabi/lib/thumb/v7-m/nofp\libc_nano.a(libc_a-findfp.o) (_fwalk_sglue)
D:/microcontrolers/STM32/CubeIDE/STM32CubeIDE_1.13.0/STM32CubeIDE/plugins/com.st.stm32cube.ide.mcu.externaltools.gnu-tools-for-stm32.11.3.rel1.win32_1.1.0.202305231506/tools/bin/../lib/gcc/arm-none-eabi/11.3.1/../../../../arm-none-eabi/lib/thumb/v7-m/nofp\libc_nano.a(libc_a-stdio.o)
[...]
Memory Configuration

Name             Origin             Length             Attributes
RAM              0x0000000020000000 0x0000000000005000 xrw
FLASH            0x0000000008000000 0x0000000000020000 xr
*default*        0x0000000000000000 0xffffffffffffffff

Linker script and memory map

LOAD D:/microcontrolers/STM32/CubeIDE/STM32CubeIDE_1.13.0/STM32CubeIDE/plugins/com.st.stm32cube.ide.mcu.externaltools.gnu-tools-for-stm32.11.3.rel1.win32_1.1.0.202305231506/tools/bin/../lib/gcc/arm-none-eabi/11.3.1/thumb/v7-m/nofp/crti.o
LOAD D:/microcontrolers/STM32/CubeIDE/STM32CubeIDE_1.13.0/STM32CubeIDE/plugins/com.st.stm32cube.ide.mcu.externaltools.gnu-tools-for-stm32.11.3.rel1.win32_1.1.0.202305231506/tools/bin/../lib/gcc/arm-none-eabi/11.3.1/thumb/v7-m/nofp/crtbegin.o
LOAD D:/microcontrolers/STM32/CubeIDE/STM32CubeIDE_1.13.0/STM32CubeIDE/plugins/com.st.stm32cube.ide.mcu.externaltools.gnu-tools-for-stm32.11.3.rel1.win32_1.1.0.202305231506/tools/bin/../lib/gcc/arm-none-eabi/11.3.1/../../../../arm-none-eabi/lib/thumb/v7-m/nofp/crt0.o
LOAD ./Core/Src/LcdDisplay.o
LOAD ./Core/Src/gpio.o
LOAD ./Core/Src/lcd.o
LOAD ./Core/Src/main.o
LOAD ./Core/Src/spi.o
LOAD ./Core/Src/stm32f1xx_hal_msp.o
LOAD ./Core/Src/stm32f1xx_it.o
LOAD ./Core/Src/syscalls.o
LOAD ./Core/Src/sysmem.o
LOAD ./Core/Src/system_stm32f1xx.o
LOAD ./Core/Src/usart.o
LOAD ./Core/Startup/startup_stm32f103rbtx.o
LOAD ./Drivers/STM32F1xx_HAL_Driver/Src/stm32f1xx_hal.o
LOAD ./Drivers/STM32F1xx_HAL_Driver/Src/stm32f1xx_hal_cortex.o
LOAD ./Drivers/STM32F1xx_HAL_Driver/Src/stm32f1xx_hal_dma.o
LOAD ./Drivers/STM32F1xx_HAL_Driver/Src/stm32f1xx_hal_exti.o
LOAD ./Drivers/STM32F1xx_HAL_Driver/Src/stm32f1xx_hal_flash.o
LOAD ./Drivers/STM32F1xx_HAL_Driver/Src/stm32f1xx_hal_flash_ex.o
LOAD ./Drivers/STM32F1xx_HAL_Driver/Src/stm32f1xx_hal_gpio.o
LOAD ./Drivers/STM32F1xx_HAL_Driver/Src/stm32f1xx_hal_gpio_ex.o
LOAD ./Drivers/STM32F1xx_HAL_Driver/Src/stm32f1xx_hal_pwr.o
LOAD ./Drivers/STM32F1xx_HAL_Driver/Src/stm32f1xx_hal_rcc.o
LOAD ./Drivers/STM32F1xx_HAL_Driver/Src/stm32f1xx_hal_rcc_ex.o
LOAD ./Drivers/STM32F1xx_HAL_Driver/Src/stm32f1xx_hal_spi.o
LOAD ./Drivers/STM32F1xx_HAL_Driver/Src/stm32f1xx_hal_tim.o
LOAD ./Drivers/STM32F1xx_HAL_Driver/Src/stm32f1xx_hal_tim_ex.o
LOAD ./Drivers/STM32F1xx_HAL_Driver/Src/stm32f1xx_hal_uart.o
START GROUP
LOAD D:/microcontrolers/STM32/CubeIDE/STM32CubeIDE_1.13.0/STM32CubeIDE/plugins/com.st.stm32cube.ide.mcu.externaltools.gnu-tools-for-stm32.11.3.rel1.win32_1.1.0.202305231506/tools/bin/../lib/gcc/arm-none-eabi/11.3.1/../../../../arm-none-eabi/lib/thumb/v7-m/nofp\libstdc++_nano.a
LOAD D:/microcontrolers/STM32/CubeIDE/STM32CubeIDE_1.13.0/STM32CubeIDE/plugins/com.st.stm32cube.ide.mcu.externaltools.gnu-tools-for-stm32.11.3.rel1.win32_1.1.0.202305231506/tools/bin/../lib/gcc/arm-none-eabi/11.3.1/../../../../arm-none-eabi/lib/thumb/v7-m/nofp\libsupc++_nano.a
END GROUP
LOAD D:/microcontrolers/STM32/CubeIDE/STM32CubeIDE_1.13.0/STM32CubeIDE/plugins/com.st.stm32cube.ide.mcu.externaltools.gnu-tools-for-stm32.11.3.rel1.win32_1.1.0.202305231506/tools/bin/../lib/gcc/arm-none-eabi/11.3.1/../../../../arm-none-eabi/lib/thumb/v7-m/nofp\libstdc++_nano.a
LOAD D:/microcontrolers/STM32/CubeIDE/STM32CubeIDE_1.13.0/STM32CubeIDE/plugins/com.st.stm32cube.ide.mcu.externaltools.gnu-tools-for-stm32.11.3.rel1.win32_1.1.0.202305231506/tools/bin/../lib/gcc/arm-none-eabi/11.3.1/../../../../arm-none-eabi/lib/thumb/v7-m/nofp\libm.a
LOAD D:/microcontrolers/STM32/CubeIDE/STM32CubeIDE_1.13.0/STM32CubeIDE/plugins/com.st.stm32cube.ide.mcu.externaltools.gnu-tools-for-stm32.11.3.rel1.win32_1.1.0.202305231506/tools/bin/../lib/gcc/arm-none-eabi/11.3.1/../../../../arm-none-eabi/lib/thumb/v7-m/nofp\libc_nano.a
START GROUP
LOAD D:/microcontrolers/STM32/CubeIDE/STM32CubeIDE_1.13.0/STM32CubeIDE/plugins/com.st.stm32cube.ide.mcu.externaltools.gnu-tools-for-stm32.11.3.rel1.win32_1.1.0.202305231506/tools/bin/../lib/gcc/arm-none-eabi/11.3.1/thumb/v7-m/nofp\libgcc.a
LOAD D:/microcontrolers/STM32/CubeIDE/STM32CubeIDE_1.13.0/STM32CubeIDE/plugins/com.st.stm32cube.ide.mcu.externaltools.gnu-tools-for-stm32.11.3.rel1.win32_1.1.0.202305231506/tools/bin/../lib/gcc/arm-none-eabi/11.3.1/../../../../arm-none-eabi/lib/thumb/v7-m/nofp\libc_nano.a
END GROUP
START GROUP
LOAD D:/microcontrolers/STM32/CubeIDE/STM32CubeIDE_1.13.0/STM32CubeIDE/plugins/com.st.stm32cube.ide.mcu.externaltools.gnu-tools-for-stm32.11.3.rel1.win32_1.1.0.202305231506/tools/bin/../lib/gcc/arm-none-eabi/11.3.1/thumb/v7-m/nofp\libgcc.a
LOAD D:/microcontrolers/STM32/CubeIDE/STM32CubeIDE_1.13.0/STM32CubeIDE/plugins/com.st.stm32cube.ide.mcu.externaltools.gnu-tools-for-stm32.11.3.rel1.win32_1.1.0.202305231506/tools/bin/../lib/gcc/arm-none-eabi/11.3.1/../../../../arm-none-eabi/lib/thumb/v7-m/nofp\libc_nano.a
LOAD D:/microcontrolers/STM32/CubeIDE/STM32CubeIDE_1.13.0/STM32CubeIDE/plugins/com.st.stm32cube.ide.mcu.externaltools.gnu-tools-for-stm32.11.3.rel1.win32_1.1.0.202305231506/tools/bin/../lib/gcc/arm-none-eabi/11.3.1/../../../../arm-none-eabi/lib/thumb/v7-m/nofp\libnosys.a
END GROUP
START GROUP
LOAD D:/microcontrolers/STM32/CubeIDE/STM32CubeIDE_1.13.0/STM32CubeIDE/plugins/com.st.stm32cube.ide.mcu.externaltools.gnu-tools-for-stm32.11.3.rel1.win32_1.1.0.202305231506/tools/bin/../lib/gcc/arm-none-eabi/11.3.1/thumb/v7-m/nofp\libgcc.a
LOAD D:/microcontrolers/STM32/CubeIDE/STM32CubeIDE_1.13.0/STM32CubeIDE/plugins/com.st.stm32cube.ide.mcu.externaltools.gnu-tools-for-stm32.11.3.rel1.win32_1.1.0.202305231506/tools/bin/../lib/gcc/arm-none-eabi/11.3.1/../../../../arm-none-eabi/lib/thumb/v7-m/nofp\libc_nano.a
LOAD D:/microcontrolers/STM32/CubeIDE/STM32CubeIDE_1.13.0/STM32CubeIDE/plugins/com.st.stm32cube.ide.mcu.externaltools.gnu-tools-for-stm32.11.3.rel1.win32_1.1.0.202305231506/tools/bin/../lib/gcc/arm-none-eabi/11.3.1/../../../../arm-none-eabi/lib/thumb/v7-m/nofp\libnosys.a
END GROUP
LOAD D:/microcontrolers/STM32/CubeIDE/STM32CubeIDE_1.13.0/STM32CubeIDE/plugins/com.st.stm32cube.ide.mcu.externaltools.gnu-tools-for-stm32.11.3.rel1.win32_1.1.0.202305231506/tools/bin/../lib/gcc/arm-none-eabi/11.3.1/thumb/v7-m/nofp/crtend.o
LOAD D:/microcontrolers/STM32/CubeIDE/STM32CubeIDE_1.13.0/STM32CubeIDE/plugins/com.st.stm32cube.ide.mcu.externaltools.gnu-tools-for-stm32.11.3.rel1.win32_1.1.0.202305231506/tools/bin/../lib/gcc/arm-none-eabi/11.3.1/thumb/v7-m/nofp/crtn.o
                0x0000000020005000                _estack = (ORIGIN (RAM) + LENGTH (RAM))
                0x0000000000000200                _Min_Heap_Size = 0x200
                0x0000000000000400                _Min_Stack_Size = 0x400

.isr_vector     0x0000000008000000      0x10c
                0x0000000008000000                . = ALIGN (0x4)
 *(.isr_vector)
 .isr_vector    0x0000000008000000      0x10c ./Core/Startup/startup_stm32f103rbtx.o
                0x0000000008000000                g_pfnVectors
                0x000000000800010c                . = ALIGN (0x4)

.text           0x0000000008000110     0x3b28
                0x0000000008000110                . = ALIGN (0x4)
 *(.text)
 .text          0x0000000008000110       0x40 D:/microcontrolers/STM32/CubeIDE/STM32CubeIDE_1.13.0/STM32CubeIDE/plugins/com.st.stm32cube.ide.mcu.externaltools.gnu-tools-for-stm32.11.3.rel1.win32_1.1.0.202305231506/tools/bin/../lib/gcc/arm-none-eabi/11.3.1/thumb/v7-m/nofp/crtbegin.o
 .text          0x0000000008000150      0x378 D:/microcontrolers/STM32/CubeIDE/STM32CubeIDE_1.13.0/STM32CubeIDE/plugins/com.st.stm32cube.ide.mcu.externaltools.gnu-tools-for-stm32.11.3.rel1.win32_1.1.0.202305231506/tools/bin/../lib/gcc/arm-none-eabi/11.3.1/thumb/v7-m/nofp\libgcc.a(_arm_addsubdf3.o)
                0x0000000008000150                __aeabi_drsub
                0x0000000008000158                __aeabi_dsub
                0x0000000008000158                __subdf3
                0x000000000800015c                __aeabi_dadd
                0x000000000800015c                __adddf3
                0x00000000080003d4                __floatunsidf
                0x00000000080003d4                __aeabi_ui2d
                0x00000000080003f4                __floatsidf
                0x00000000080003f4                __aeabi_i2d
                0x0000000008000418                __aeabi_f2d
                0x0000000008000418                __extendsfdf2
                0x000000000800045c                __floatundidf
                0x000000000800045c                __aeabi_ul2d
                0x000000000800046c                __floatdidf
                0x000000000800046c                __aeabi_l2d
 .text          0x00000000080004c8      0x424 D:/microcontrolers/STM32/CubeIDE/STM32CubeIDE_1.13.0/STM32CubeIDE/plugins/com.st.stm32cube.ide.mcu.externaltools.gnu-tools-for-stm32.11.3.rel1.win32_1.1.0.202305231506/tools/bin/../lib/gcc/arm-none-eabi/11.3.1/thumb/v7-m/nofp\libgcc.a(_arm_muldivdf3.o)
                0x00000000080004c8                __aeabi_dmul
                0x00000000080004c8                __muldf3
                0x000000000800071c                __divdf3
                0x000000000800071c                __aeabi_ddiv
 .text          0x00000000080008ec       0x40 D:/microcontrolers/STM32/CubeIDE/STM32CubeIDE_1.13.0/STM32CubeIDE/plugins/com.st.stm32cube.ide.mcu.externaltools.gnu-tools-for-stm32.11.3.rel1.win32_1.1.0.202305231506/tools/bin/../lib/gcc/arm-none-eabi/11.3.1/thumb/v7-m/nofp\libgcc.a(_arm_fixunsdfsi.o)
                0x00000000080008ec                __aeabi_d2uiz
                0x00000000080008ec                __fixunsdfsi
 .text          0x000000000800092c       0xa0 D:/microcontrolers/STM32/CubeIDE/STM32CubeIDE_1.13.0/STM32CubeIDE/plugins/com.st.stm32cube.ide.mcu.externaltools.gnu-tools-for-stm32.11.3.rel1.win32_1.1.0.202305231506/tools/bin/../lib/gcc/arm-none-eabi/11.3.1/thumb/v7-m/nofp\libgcc.a(_arm_truncdfsf2.o)
                0x000000000800092c                __truncdfsf2
                0x000000000800092c                __aeabi_d2f
 .text          0x00000000080009cc      0x21c D:/microcontrolers/STM32/CubeIDE/STM32CubeIDE_1.13.0/STM32CubeIDE/plugins/com.st.stm32cube.ide.mcu.externaltools.gnu-tools-for-stm32.11.3.rel1.win32_1.1.0.202305231506/tools/bin/../lib/gcc/arm-none-eabi/11.3.1/thumb/v7-m/nofp\libgcc.a(_arm_addsubsf3.o)
                0x00000000080009cc                __aeabi_frsub
                0x00000000080009d4                __subsf3
                0x00000000080009d4                __aeabi_fsub
                0x00000000080009d8                __aeabi_fadd
                0x00000000080009d8                __addsf3
                0x0000000008000b38                __aeabi_ui2f
                0x0000000008000b38                __floatunsisf
                0x0000000008000b40                __aeabi_i2f
                0x0000000008000b40                __floatsisf
                0x0000000008000b5c                __aeabi_ul2f
                0x0000000008000b5c                __floatundisf
                0x0000000008000b6c                __aeabi_l2f
                0x0000000008000b6c                __floatdisf
 .text          0x0000000008000be8      0x2a0 D:/microcontrolers/STM32/CubeIDE/STM32CubeIDE_1.13.0/STM32CubeIDE/plugins/com.st.stm32cube.ide.mcu.externaltools.gnu-tools-for-stm32.11.3.rel1.win32_1.1.0.202305231506/tools/bin/../lib/gcc/arm-none-eabi/11.3.1/thumb/v7-m/nofp\libgcc.a(_arm_muldivsf3.o)
                0x0000000008000be8                __mulsf3
                0x0000000008000be8                __aeabi_fmul
                0x0000000008000d50                __aeabi_fdiv
                0x0000000008000d50                __divsf3
 .text          0x0000000008000e88       0xec D:/microcontrolers/STM32/CubeIDE/STM32CubeIDE_1.13.0/STM32CubeIDE/plugins/com.st.stm32cube.ide.mcu.externaltools.gnu-tools-for-stm32.11.3.rel1.win32_1.1.0.202305231506/tools/bin/../lib/gcc/arm-none-eabi/11.3.1/thumb/v7-m/nofp\libgcc.a(_arm_cmpsf2.o)
                0x0000000008000e88                __gesf2
                0x0000000008000e88                __gtsf2
                0x0000000008000e90                __lesf2
                0x0000000008000e90                __ltsf2
                0x0000000008000e98                __nesf2
                0x0000000008000e98                __eqsf2
                0x0000000008000e98                __cmpsf2
                0x0000000008000ef8                __aeabi_cfrcmple
                0x0000000008000f00                __aeabi_cfcmpeq
                0x0000000008000f00                __aeabi_cfcmple
                0x0000000008000f10                __aeabi_fcmpeq
                0x0000000008000f24                __aeabi_fcmplt
                0x0000000008000f38                __aeabi_fcmple
                0x0000000008000f4c                __aeabi_fcmpge
                0x0000000008000f60                __aeabi_fcmpgt
 .text          0x0000000008000f74       0x2c D:/microcontrolers/STM32/CubeIDE/STM32CubeIDE_1.13.0/STM32CubeIDE/plugins/com.st.stm32cube.ide.mcu.externaltools.gnu-tools-for-stm32.11.3.rel1.win32_1.1.0.202305231506/tools/bin/../lib/gcc/arm-none-eabi/11.3.1/thumb/v7-m/nofp\libgcc.a(_arm_unordsf2.o)
                0x0000000008000f74                __unordsf2
                0x0000000008000f74                __aeabi_fcmpun
 .text          0x0000000008000fa0       0x4c D:/microcontrolers/STM32/CubeIDE/STM32CubeIDE_1.13.0/STM32CubeIDE/plugins/com.st.stm32cube.ide.mcu.externaltools.gnu-tools-for-stm32.11.3.rel1.win32_1.1.0.202305231506/tools/bin/../lib/gcc/arm-none-eabi/11.3.1/thumb/v7-m/nofp\libgcc.a(_arm_fixsfsi.o)
                0x0000000008000fa0                __aeabi_f2iz
                0x0000000008000fa0                __fixsfsi
 *(.text*)
 *fill*         0x0000000008000fec        0x4 
 .text._Z15convertHexToRgbt
                0x0000000008000ff0       0x98 ./Core/Src/LcdDisplay.o
                0x0000000008000ff0                convertHexToRgb(unsigned short)
 .text._ZN10LcdDisplayC2Ev
                0x0000000008001088       0xcc ./Core/Src/LcdDisplay.o
                0x0000000008001088                LcdDisplay::LcdDisplay()
                0x0000000008001088                LcdDisplay::LcdDisplay()
 .text._ZN10LcdDisplay6lcdCmdEh
                0x0000000008001154       0x50 ./Core/Src/LcdDisplay.o
                0x0000000008001154                LcdDisplay::lcdCmd(unsigned char)
 .text._ZN10LcdDisplay7lcdSendEt
                0x00000000080011a4       0x38 ./Core/Src/LcdDisplay.o
                0x00000000080011a4                LcdDisplay::lcdSend(unsigned short)
 .text._ZN10LcdDisplay7lcdDataEh
                0x00000000080011dc       0x50 ./Core/Src/LcdDisplay.o
                0x00000000080011dc                LcdDisplay::lcdData(unsigned char)
 .text._ZN10LcdDisplay18lcdCreateRectangleEiiiit
                0x000000000800122c       0x54 ./Core/Src/LcdDisplay.o
                0x000000000800122c                LcdDisplay::lcdCreateRectangle(int, int, int, int, unsigned short)
 .text._ZN10LcdDisplay15lcdDataTwoBajtsEt
                0x0000000008001280       0x30 ./Core/Src/LcdDisplay.o
                0x0000000008001280                LcdDisplay::lcdDataTwoBajts(unsigned short)
 .text._ZN10LcdDisplay12lcdSetWindowEiiii
                0x00000000080012b0       0x72 ./Core/Src/LcdDisplay.o
                0x00000000080012b0                LcdDisplay::lcdSetWindow(int, int, int, int)
 *fill*         0x0000000008001322        0x2 
 .text._ZN10LcdDisplay8putPixelEiit
                0x0000000008001324       0x4c ./Core/Src/LcdDisplay.o
                0x0000000008001324                LcdDisplay::putPixel(int, int, unsigned short)
 .text._ZN10LcdDisplay4showEv
                0x0000000008001370       0x68 ./Core/Src/LcdDisplay.o
                0x0000000008001370                LcdDisplay::show()
 .text._ZN10LcdDisplay13drawRectangleEaaaat
                0x00000000080013d8       0x68 ./Core/Src/LcdDisplay.o
                0x00000000080013d8                LcdDisplay::drawRectangle(signed char, signed char, signed char, signed char, unsigned short)
 .text._ZN10LcdDisplay14fadedRectangleEaaaatt
                0x0000000008001440       0xe8 ./Core/Src/LcdDisplay.o
                0x0000000008001440                LcdDisplay::fadedRectangle(signed char, signed char, signed char, signed char, unsigned short, unsigned short)
 .text._ZN10LcdDisplay8drawLineEfffft
                0x0000000008001528       0xe0 ./Core/Src/LcdDisplay.o
                0x0000000008001528                LcdDisplay::drawLine(float, float, float, float, unsigned short)
 .text._ZN10LcdDisplay12drawTriangleEaaaaaas
                0x0000000008001608      0x646 ./Core/Src/LcdDisplay.o
                0x0000000008001608                LcdDisplay::drawTriangle(signed char, signed char, signed char, signed char, signed char, signed char, short)
 *fill*         0x0000000008001c4e        0x2 
 .text._ZN10LcdDisplay10drawBottomEaaaffffs
                0x0000000008001c50      0x13c ./Core/Src/LcdDisplay.o
                0x0000000008001c50                LcdDisplay::drawBottom(signed char, signed char, signed char, float, float, float, float, short)
 .text._ZN10LcdDisplay7drawTopEaaaffffs
                0x0000000008001d8c      0x13c ./Core/Src/LcdDisplay.o
                0x0000000008001d8c                LcdDisplay::drawTop(signed char, signed char, signed char, float, float, float, float, short)
 .text._ZN10LcdDisplay18drawHorizontalLineEaaaat
                0x0000000008001ec8       0x74 ./Core/Src/LcdDisplay.o
                0x0000000008001ec8                LcdDisplay::drawHorizontalLine(signed char, signed char, signed char, signed char, unsigned short)
 .text._ZN10LcdDisplay10drawNumberEaat
                0x0000000008001f3c       0x56 ./Core/Src/LcdDisplay.o
                0x0000000008001f3c                LcdDisplay::drawNumber(signed char, signed char, unsigned short)
 *fill*         0x0000000008001f92        0x2 
 .text._ZN10LcdDisplay8printRowEhaat
                0x0000000008001f94       0x98 ./Core/Src/LcdDisplay.o
                0x0000000008001f94                LcdDisplay::printRow(unsigned char, signed char, signed char, unsigned short)
 .text._ZN10LcdDisplayD2Ev
                0x000000000800202c       0x20 ./Core/Src/LcdDisplay.o
                0x000000000800202c                LcdDisplay::~LcdDisplay()
                0x000000000800202c                LcdDisplay::~LcdDisplay()
 .text._ZN10LcdDisplayD0Ev
                0x000000000800204c       0x20 ./Core/Src/LcdDisplay.o
                0x000000000800204c                LcdDisplay::~LcdDisplay()
 .text.MX_GPIO_Init
                0x000000000800206c      0x118 ./Core/Src/gpio.o
                0x000000000800206c                MX_GPIO_Init
 .text.main     0x0000000008002184       0x88 ./Core/Src/main.o
                0x0000000008002184                main
 .text._Z18SystemClock_Configv
                0x000000000800220c       0x9e ./Core/Src/main.o
                0x000000000800220c                SystemClock_Config()
 .text.Error_Handler
                0x00000000080022aa        0xa ./Core/Src/main.o
                0x00000000080022aa                Error_Handler
 .text.MX_SPI2_Init
                0x00000000080022b4       0x6c ./Core/Src/spi.o
                0x00000000080022b4                MX_SPI2_Init
 .text.HAL_SPI_MspInit
                0x0000000008002320       0x80 ./Core/Src/spi.o
                0x0000000008002320                HAL_SPI_MspInit
 .text.HAL_MspInit
                0x00000000080023a0       0x64 ./Core/Src/stm32f1xx_hal_msp.o
                0x00000000080023a0                HAL_MspInit
 .text.NMI_Handler
                0x0000000008002404        0x6 ./Core/Src/stm32f1xx_it.o
                0x0000000008002404                NMI_Handler
 .text.HardFault_Handler
                0x000000000800240a        0x6 ./Core/Src/stm32f1xx_it.o
                0x000000000800240a                HardFault_Handler
 .text.MemManage_Handler
                0x0000000008002410        0x6 ./Core/Src/stm32f1xx_it.o
                0x0000000008002410                MemManage_Handler
 .text.BusFault_Handler
                0x0000000008002416        0x6 ./Core/Src/stm32f1xx_it.o
                0x0000000008002416                BusFault_Handler
 .text.UsageFault_Handler
                0x000000000800241c        0x6 ./Core/Src/stm32f1xx_it.o
                0x000000000800241c                UsageFault_Handler
 .text.SVC_Handler
                0x0000000008002422        0xc ./Core/Src/stm32f1xx_it.o
                0x0000000008002422                SVC_Handler
 .text.DebugMon_Handler
                0x000000000800242e        0xc ./Core/Src/stm32f1xx_it.o
                0x000000000800242e                DebugMon_Handler
 .text.PendSV_Handler
                0x000000000800243a        0xc ./Core/Src/stm32f1xx_it.o
                0x000000000800243a                PendSV_Handler
 .text.SysTick_Handler
                0x0000000008002446        0xc ./Core/Src/stm32f1xx_it.o
                0x0000000008002446                SysTick_Handler
 .text.EXTI15_10_IRQHandler
                0x0000000008002452       0x10 ./Core/Src/stm32f1xx_it.o
                0x0000000008002452                EXTI15_10_IRQHandler
 .text.SystemInit
                0x0000000008002462        0xc ./Core/Src/system_stm32f1xx.o
                0x0000000008002462                SystemInit
 *fill*         0x000000000800246e        0x2 
 .text.MX_USART2_UART_Init
                0x0000000008002470       0x54 ./Core/Src/usart.o
                0x0000000008002470                MX_USART2_UART_Init
 .text.HAL_UART_MspInit
                0x00000000080024c4       0x7c ./Core/Src/usart.o
                0x00000000080024c4                HAL_UART_MspInit
 .text.Reset_Handler
                0x0000000008002540       0x48 ./Core/Startup/startup_stm32f103rbtx.o
                0x0000000008002540                Reset_Handler
 .text.Default_Handler
                0x0000000008002588        0x2 ./Core/Startup/startup_stm32f103rbtx.o
                0x0000000008002588                RTC_Alarm_IRQHandler
                0x0000000008002588                EXTI2_IRQHandler
                0x0000000008002588                TIM1_CC_IRQHandler
                0x0000000008002588                PVD_IRQHandler
                0x0000000008002588                EXTI3_IRQHandler
                0x0000000008002588                EXTI0_IRQHandler
                0x0000000008002588                I2C2_EV_IRQHandler
                0x0000000008002588                ADC1_2_IRQHandler
                0x0000000008002588                SPI1_IRQHandler
                0x0000000008002588                TAMPER_IRQHandler
                0x0000000008002588                DMA1_Channel4_IRQHandler
                0x0000000008002588                USART3_IRQHandler
                0x0000000008002588                RTC_IRQHandler
                0x0000000008002588                DMA1_Channel7_IRQHandler
                0x0000000008002588                CAN1_RX1_IRQHandler
                0x0000000008002588                TIM4_IRQHandler
                0x0000000008002588                I2C1_EV_IRQHandler
                0x0000000008002588                DMA1_Channel6_IRQHandler
                0x0000000008002588                TIM3_IRQHandler
                0x0000000008002588                RCC_IRQHandler
                0x0000000008002588                TIM1_TRG_COM_IRQHandler
                0x0000000008002588                DMA1_Channel1_IRQHandler
                0x0000000008002588                Default_Handler
                0x0000000008002588                EXTI9_5_IRQHandler
                0x0000000008002588                SPI2_IRQHandler
                0x0000000008002588                DMA1_Channel5_IRQHandler
                0x0000000008002588                EXTI4_IRQHandler
                0x0000000008002588                USB_LP_CAN1_RX0_IRQHandler
                0x0000000008002588                USB_HP_CAN1_TX_IRQHandler
                0x0000000008002588                DMA1_Channel3_IRQHandler
                0x0000000008002588                TIM1_UP_IRQHandler
                0x0000000008002588                WWDG_IRQHandler
                0x0000000008002588                TIM2_IRQHandler
                0x0000000008002588                TIM1_BRK_IRQHandler
                0x0000000008002588                EXTI1_IRQHandler
                0x0000000008002588                USART2_IRQHandler
                0x0000000008002588                I2C2_ER_IRQHandler
                0x0000000008002588                DMA1_Channel2_IRQHandler
                0x0000000008002588                CAN1_SCE_IRQHandler
                0x0000000008002588                FLASH_IRQHandler
                0x0000000008002588                USART1_IRQHandler
                0x0000000008002588                I2C1_ER_IRQHandler
                0x0000000008002588                USBWakeUp_IRQHandler
 *fill*         0x000000000800258a        0x2 
 .text.HAL_Init
                0x000000000800258c       0x2c ./Drivers/STM32F1xx_HAL_Driver/Src/stm32f1xx_hal.o
                0x000000000800258c                HAL_Init
 .text.HAL_InitTick
                0x00000000080025b8       0x60 ./Drivers/STM32F1xx_HAL_Driver/Src/stm32f1xx_hal.o
                0x00000000080025b8                HAL_InitTick
 .text.HAL_IncTick
                0x0000000008002618       0x24 ./Drivers/STM32F1xx_HAL_Driver/Src/stm32f1xx_hal.o
                0x0000000008002618                HAL_IncTick
 .text.HAL_GetTick
                0x000000000800263c       0x14 ./Drivers/STM32F1xx_HAL_Driver/Src/stm32f1xx_hal.o
                0x000000000800263c                HAL_GetTick
 .text.HAL_Delay
                0x0000000008002650       0x48 ./Drivers/STM32F1xx_HAL_Driver/Src/stm32f1xx_hal.o
                0x0000000008002650                HAL_Delay
 .text.__NVIC_SetPriorityGrouping
                0x0000000008002698       0x48 ./Drivers/STM32F1xx_HAL_Driver/Src/stm32f1xx_hal_cortex.o
 .text.__NVIC_GetPriorityGrouping
                0x00000000080026e0       0x1c ./Drivers/STM32F1xx_HAL_Driver/Src/stm32f1xx_hal_cortex.o
 .text.__NVIC_EnableIRQ
                0x00000000080026fc       0x38 ./Drivers/STM32F1xx_HAL_Driver/Src/stm32f1xx_hal_cortex.o
 .text.__NVIC_SetPriority
                0x0000000008002734       0x54 ./Drivers/STM32F1xx_HAL_Driver/Src/stm32f1xx_hal_cortex.o
 .text.NVIC_EncodePriority
                0x0000000008002788       0x64 ./Drivers/STM32F1xx_HAL_Driver/Src/stm32f1xx_hal_cortex.o
 .text.SysTick_Config
                0x00000000080027ec       0x44 ./Drivers/STM32F1xx_HAL_Driver/Src/stm32f1xx_hal_cortex.o
 .text.HAL_NVIC_SetPriorityGrouping
                0x0000000008002830       0x16 ./Drivers/STM32F1xx_HAL_Driver/Src/stm32f1xx_hal_cortex.o
                0x0000000008002830                HAL_NVIC_SetPriorityGrouping
 .text.HAL_NVIC_SetPriority
                0x0000000008002846       0x38 ./Drivers/STM32F1xx_HAL_Driver/Src/stm32f1xx_hal_cortex.o
                0x0000000008002846                HAL_NVIC_SetPriority
 .text.HAL_NVIC_EnableIRQ
                0x000000000800287e       0x1c ./Drivers/STM32F1xx_HAL_Driver/Src/stm32f1xx_hal_cortex.o
                0x000000000800287e                HAL_NVIC_EnableIRQ
 .text.HAL_SYSTICK_Config
                0x000000000800289a       0x18 ./Drivers/STM32F1xx_HAL_Driver/Src/stm32f1xx_hal_cortex.o
                0x000000000800289a                HAL_SYSTICK_Config
 *fill*         0x00000000080028b2        0x2 
 .text.HAL_GPIO_Init
                0x00000000080028b4      0x308 ./Drivers/STM32F1xx_HAL_Driver/Src/stm32f1xx_hal_gpio.o
                0x00000000080028b4                HAL_GPIO_Init
 .text.HAL_GPIO_WritePin
                0x0000000008002bbc       0x30 ./Drivers/STM32F1xx_HAL_Driver/Src/stm32f1xx_hal_gpio.o
                0x0000000008002bbc                HAL_GPIO_WritePin
 .text.HAL_GPIO_EXTI_IRQHandler
                0x0000000008002bec       0x30 ./Drivers/STM32F1xx_HAL_Driver/Src/stm32f1xx_hal_gpio.o
                0x0000000008002bec                HAL_GPIO_EXTI_IRQHandler
 .text.HAL_GPIO_EXTI_Callback
                0x0000000008002c1c       0x14 ./Drivers/STM32F1xx_HAL_Driver/Src/stm32f1xx_hal_gpio.o
                0x0000000008002c1c                HAL_GPIO_EXTI_Callback
 .text.HAL_RCC_OscConfig
                0x0000000008002c30      0x504 ./Drivers/STM32F1xx_HAL_Driver/Src/stm32f1xx_hal_rcc.o
                0x0000000008002c30                HAL_RCC_OscConfig
 .text.HAL_RCC_ClockConfig
                0x0000000008003134      0x1d4 ./Drivers/STM32F1xx_HAL_Driver/Src/stm32f1xx_hal_rcc.o
                0x0000000008003134                HAL_RCC_ClockConfig
 .text.HAL_RCC_GetSysClockFreq
                0x0000000008003308       0xa8 ./Drivers/STM32F1xx_HAL_Driver/Src/stm32f1xx_hal_rcc.o
                0x0000000008003308                HAL_RCC_GetSysClockFreq
 .text.HAL_RCC_GetHCLKFreq
                0x00000000080033b0       0x14 ./Drivers/STM32F1xx_HAL_Driver/Src/stm32f1xx_hal_rcc.o
                0x00000000080033b0                HAL_RCC_GetHCLKFreq
 .text.HAL_RCC_GetPCLK1Freq
                0x00000000080033c4       0x28 ./Drivers/STM32F1xx_HAL_Driver/Src/stm32f1xx_hal_rcc.o
                0x00000000080033c4                HAL_RCC_GetPCLK1Freq
 .text.HAL_RCC_GetPCLK2Freq
                0x00000000080033ec       0x28 ./Drivers/STM32F1xx_HAL_Driver/Src/stm32f1xx_hal_rcc.o
                0x00000000080033ec                HAL_RCC_GetPCLK2Freq
 .text.RCC_Delay
                0x0000000008003414       0x3c ./Drivers/STM32F1xx_HAL_Driver/Src/stm32f1xx_hal_rcc.o
 .text.HAL_SPI_Init
                0x0000000008003450      0x108 ./Drivers/STM32F1xx_HAL_Driver/Src/stm32f1xx_hal_spi.o
                0x0000000008003450                HAL_SPI_Init
 .text.HAL_SPI_Transmit
                0x0000000008003558      0x286 ./Drivers/STM32F1xx_HAL_Driver/Src/stm32f1xx_hal_spi.o
                0x0000000008003558                HAL_SPI_Transmit
 *fill*         0x00000000080037de        0x2 
 .text.SPI_WaitFlagStateUntilTimeout
                0x00000000080037e0      0x110 ./Drivers/STM32F1xx_HAL_Driver/Src/stm32f1xx_hal_spi.o
 .text.SPI_EndRxTxTransaction
                0x00000000080038f0       0x3c ./Drivers/STM32F1xx_HAL_Driver/Src/stm32f1xx_hal_spi.o
 .text.HAL_UART_Init
                0x000000000800392c       0xa0 ./Drivers/STM32F1xx_HAL_Driver/Src/stm32f1xx_hal_uart.o
                0x000000000800392c                HAL_UART_Init
 .text.UART_SetConfig
                0x00000000080039cc      0x11c ./Drivers/STM32F1xx_HAL_Driver/Src/stm32f1xx_hal_uart.o
 .text._ZdlPvj  0x0000000008003ae8        0x4 D:/microcontrolers/STM32/CubeIDE/STM32CubeIDE_1.13.0/STM32CubeIDE/plugins/com.st.stm32cube.ide.mcu.externaltools.gnu-tools-for-stm32.11.3.rel1.win32_1.1.0.202305231506/tools/bin/../lib/gcc/arm-none-eabi/11.3.1/../../../../arm-none-eabi/lib/thumb/v7-m/nofp\libstdc++_nano.a(del_ops.o)
                0x0000000008003ae8                operator delete(void*, unsigned int)
 .text._ZdlPv   0x0000000008003aec        0x4 D:/microcontrolers/STM32/CubeIDE/STM32CubeIDE_1.13.0/STM32CubeIDE/plugins/com.st.stm32cube.ide.mcu.externaltools.gnu-tools-for-stm32.11.3.rel1.win32_1.1.0.202305231506/tools/bin/../lib/gcc/arm-none-eabi/11.3.1/../../../../arm-none-eabi/lib/thumb/v7-m/nofp\libstdc++_nano.a(del_op.o)
                0x0000000008003aec                operator delete(void*)
 .text.free     0x0000000008003af0       0x10 D:/microcontrolers/STM32/CubeIDE/STM32CubeIDE_1.13.0/STM32CubeIDE/plugins/com.st.stm32cube.ide.mcu.externaltools.gnu-tools-for-stm32.11.3.rel1.win32_1.1.0.202305231506/tools/bin/../lib/gcc/arm-none-eabi/11.3.1/../../../../arm-none-eabi/lib/thumb/v7-m/nofp\libc_nano.a(libc_a-malloc.o)
                0x0000000008003af0                free
 .text.__malloc_lock
                0x0000000008003b00        0xc D:/microcontrolers/STM32/CubeIDE/STM32CubeIDE_1.13.0/STM32CubeIDE/plugins/com.st.stm32cube.ide.mcu.externaltools.gnu-tools-for-stm32.11.3.rel1.win32_1.1.0.202305231506/tools/bin/../lib/gcc/arm-none-eabi/11.3.1/../../../../arm-none-eabi/lib/thumb/v7-m/nofp\libc_nano.a(libc_a-mlock.o)
                0x0000000008003b00                __malloc_lock
 .text.__malloc_unlock
                0x0000000008003b0c        0xc D:/microcontrolers/STM32/CubeIDE/STM32CubeIDE_1.13.0/STM32CubeIDE/plugins/com.st.stm32cube.ide.mcu.externaltools.gnu-tools-for-stm32.11.3.rel1.win32_1.1.0.202305231506/tools/bin/../lib/gcc/arm-none-eabi/11.3.1/../../../../arm-none-eabi/lib/thumb/v7-m/nofp\libc_nano.a(libc_a-mlock.o)
                0x0000000008003b0c                __malloc_unlock
 .text.memset   0x0000000008003b18       0x10 D:/microcontrolers/STM32/CubeIDE/STM32CubeIDE_1.13.0/STM32CubeIDE/plugins/com.st.stm32cube.ide.mcu.externaltools.gnu-tools-for-stm32.11.3.rel1.win32_1.1.0.202305231506/tools/bin/../lib/gcc/arm-none-eabi/11.3.1/../../../../arm-none-eabi/lib/thumb/v7-m/nofp\libc_nano.a(libc_a-memset.o)
                0x0000000008003b18                memset
 .text.__libc_init_array
                0x0000000008003b28       0x48 D:/microcontrolers/STM32/CubeIDE/STM32CubeIDE_1.13.0/STM32CubeIDE/plugins/com.st.stm32cube.ide.mcu.externaltools.gnu-tools-for-stm32.11.3.rel1.win32_1.1.0.202305231506/tools/bin/../lib/gcc/arm-none-eabi/11.3.1/../../../../arm-none-eabi/lib/thumb/v7-m/nofp\libc_nano.a(libc_a-init.o)
                0x0000000008003b28                __libc_init_array
 .text.__retarget_lock_acquire_recursive
                0x0000000008003b70        0x2 D:/microcontrolers/STM32/CubeIDE/STM32CubeIDE_1.13.0/STM32CubeIDE/plugins/com.st.stm32cube.ide.mcu.externaltools.gnu-tools-for-stm32.11.3.rel1.win32_1.1.0.202305231506/tools/bin/../lib/gcc/arm-none-eabi/11.3.1/../../../../arm-none-eabi/lib/thumb/v7-m/nofp\libc_nano.a(libc_a-lock.o)
                0x0000000008003b70                __retarget_lock_acquire_recursive
 .text.__retarget_lock_release_recursive
                0x0000000008003b72        0x2 D:/microcontrolers/STM32/CubeIDE/STM32CubeIDE_1.13.0/STM32CubeIDE/plugins/com.st.stm32cube.ide.mcu.externaltools.gnu-tools-for-stm32.11.3.rel1.win32_1.1.0.202305231506/tools/bin/../lib/gcc/arm-none-eabi/11.3.1/../../../../arm-none-eabi/lib/thumb/v7-m/nofp\libc_nano.a(libc_a-lock.o)
                0x0000000008003b72                __retarget_lock_release_recursive
 .text.memcpy   0x0000000008003b74       0x1c D:/microcontrolers/STM32/CubeIDE/STM32CubeIDE_1.13.0/STM32CubeIDE/plugins/com.st.stm32cube.ide.mcu.externaltools.gnu-tools-for-stm32.11.3.rel1.win32_1.1.0.202305231506/tools/bin/../lib/gcc/arm-none-eabi/11.3.1/../../../../arm-none-eabi/lib/thumb/v7-m/nofp\libc_nano.a(libc_a-memcpy-stub.o)
                0x0000000008003b74                memcpy
 .text._free_r  0x0000000008003b90       0x90 D:/microcontrolers/STM32/CubeIDE/STM32CubeIDE_1.13.0/STM32CubeIDE/plugins/com.st.stm32cube.ide.mcu.externaltools.gnu-tools-for-stm32.11.3.rel1.win32_1.1.0.202305231506/tools/bin/../lib/gcc/arm-none-eabi/11.3.1/../../../../arm-none-eabi/lib/thumb/v7-m/nofp\libc_nano.a(libc_a-freer.o)
                0x0000000008003b90                _free_r
 *(.glue_7)
 .glue_7        0x0000000008003c20        0x0 linker stubs
 *(.glue_7t)
 .glue_7t       0x0000000008003c20        0x0 linker stubs
 *(.eh_frame)
 .eh_frame      0x0000000008003c20        0x0 D:/microcontrolers/STM32/CubeIDE/STM32CubeIDE_1.13.0/STM32CubeIDE/plugins/com.st.stm32cube.ide.mcu.externaltools.gnu-tools-for-stm32.11.3.rel1.win32_1.1.0.202305231506/tools/bin/../lib/gcc/arm-none-eabi/11.3.1/thumb/v7-m/nofp/crtbegin.o
 *(.init)
 .init          0x0000000008003c20        0x4 D:/microcontrolers/STM32/CubeIDE/STM32CubeIDE_1.13.0/STM32CubeIDE/plugins/com.st.stm32cube.ide.mcu.externaltools.gnu-tools-for-stm32.11.3.rel1.win32_1.1.0.202305231506/tools/bin/../lib/gcc/arm-none-eabi/11.3.1/thumb/v7-m/nofp/crti.o
                0x0000000008003c20                _init
 .init          0x0000000008003c24        0x8 D:/microcontrolers/STM32/CubeIDE/STM32CubeIDE_1.13.0/STM32CubeIDE/plugins/com.st.stm32cube.ide.mcu.externaltools.gnu-tools-for-stm32.11.3.rel1.win32_1.1.0.202305231506/tools/bin/../lib/gcc/arm-none-eabi/11.3.1/thumb/v7-m/nofp/crtn.o
 *(.fini)
 .fini          0x0000000008003c2c        0x4 D:/microcontrolers/STM32/CubeIDE/STM32CubeIDE_1.13.0/STM32CubeIDE/plugins/com.st.stm32cube.ide.mcu.externaltools.gnu-tools-for-stm32.11.3.rel1.win32_1.1.0.202305231506/tools/bin/../lib/gcc/arm-none-eabi/11.3.1/thumb/v7-m/nofp/crti.o
                0x0000000008003c2c                _fini
 .fini          0x0000000008003c30        0x8 D:/microcontrolers/STM32/CubeIDE/STM32CubeIDE_1.13.0/STM32CubeIDE/plugins/com.st.stm32cube.ide.mcu.externaltools.gnu-tools-for-stm32.11.3.rel1.win32_1.1.0.202305231506/tools/bin/../lib/gcc/arm-none-eabi/11.3.1/thumb/v7-m/nofp/crtn.o
                0x0000000008003c38                . = ALIGN (0x4)
                0x0000000008003c38                _etext = .

.vfp11_veneer   0x0000000008003c38        0x0
 .vfp11_veneer  0x0000000008003c38        0x0 linker stubs

.v4_bx          0x0000000008003c38        0x0
 .v4_bx         0x0000000008003c38        0x0 linker stubs

.iplt           0x0000000008003c38        0x0
 .iplt          0x0000000008003c38        0x0 D:/microcontrolers/STM32/CubeIDE/STM32CubeIDE_1.13.0/STM32CubeIDE/plugins/com.st.stm32cube.ide.mcu.externaltools.gnu-tools-for-stm32.11.3.rel1.win32_1.1.0.202305231506/tools/bin/../lib/gcc/arm-none-eabi/11.3.1/thumb/v7-m/nofp/crtbegin.o

.rodata         0x0000000008003c38       0xfc
                0x0000000008003c38                . = ALIGN (0x4)
 *(.rodata)
 .rodata        0x0000000008003c38       0xc0 ./Core/Src/LcdDisplay.o
 *(.rodata*)
 .rodata._ZTV10LcdDisplay
                0x0000000008003cf8       0x10 ./Core/Src/LcdDisplay.o
                0x0000000008003cf8                vtable for LcdDisplay
 .rodata.AHBPrescTable
                0x0000000008003d08       0x10 ./Core/Src/system_stm32f1xx.o
                0x0000000008003d08                AHBPrescTable
 .rodata.APBPrescTable
                0x0000000008003d18        0x8 ./Core/Src/system_stm32f1xx.o
                0x0000000008003d18                APBPrescTable
 .rodata.aPLLMULFactorTable.1
                0x0000000008003d20       0x10 ./Drivers/STM32F1xx_HAL_Driver/Src/stm32f1xx_hal_rcc.o
 .rodata.aPredivFactorTable.0
                0x0000000008003d30        0x2 ./Drivers/STM32F1xx_HAL_Driver/Src/stm32f1xx_hal_rcc.o
                0x0000000008003d34                . = ALIGN (0x4)
 *fill*         0x0000000008003d32        0x2 

.rel.dyn        0x0000000008003d34        0x0
 .rel.iplt      0x0000000008003d34        0x0 D:/microcontrolers/STM32/CubeIDE/STM32CubeIDE_1.13.0/STM32CubeIDE/plugins/com.st.stm32cube.ide.mcu.externaltools.gnu-tools-for-stm32.11.3.rel1.win32_1.1.0.202305231506/tools/bin/../lib/gcc/arm-none-eabi/11.3.1/thumb/v7-m/nofp/crtbegin.o

.ARM.extab      0x0000000008003d34        0x0
                0x0000000008003d34                . = ALIGN (0x4)
 *(.ARM.extab* .gnu.linkonce.armextab.*)
                0x0000000008003d34                . = ALIGN (0x4)

.ARM            0x0000000008003d34        0x0
                0x0000000008003d34                . = ALIGN (0x4)
                0x0000000008003d34                __exidx_start = .
 *(.ARM.exidx*)
                0x0000000008003d34                __exidx_end = .
                0x0000000008003d34                . = ALIGN (0x4)

.preinit_array  0x0000000008003d34        0x0
                0x0000000008003d34                . = ALIGN (0x4)
                0x0000000008003d34                PROVIDE (__preinit_array_start = .)
 *(.preinit_array*)
                0x0000000008003d34                PROVIDE (__preinit_array_end = .)
                0x0000000008003d34                . = ALIGN (0x4)

.init_array     0x0000000008003d34        0x4
                0x0000000008003d34                . = ALIGN (0x4)
                0x0000000008003d34                PROVIDE (__init_array_start = .)
 *(SORT_BY_NAME(.init_array.*))
 *(.init_array*)
 .init_array    0x0000000008003d34        0x4 D:/microcontrolers/STM32/CubeIDE/STM32CubeIDE_1.13.0/STM32CubeIDE/plugins/com.st.stm32cube.ide.mcu.externaltools.gnu-tools-for-stm32.11.3.rel1.win32_1.1.0.202305231506/tools/bin/../lib/gcc/arm-none-eabi/11.3.1/thumb/v7-m/nofp/crtbegin.o
                0x0000000008003d38                PROVIDE (__init_array_end = .)
                0x0000000008003d38                . = ALIGN (0x4)

.fini_array     0x0000000008003d38        0x4
                0x0000000008003d38                . = ALIGN (0x4)
                [!provide]                        PROVIDE (__fini_array_start = .)
 *(SORT_BY_NAME(.fini_array.*))
 *(.fini_array*)
 .fini_array    0x0000000008003d38        0x4 D:/microcontrolers/STM32/CubeIDE/STM32CubeIDE_1.13.0/STM32CubeIDE/plugins/com.st.stm32cube.ide.mcu.externaltools.gnu-tools-for-stm32.11.3.rel1.win32_1.1.0.202305231506/tools/bin/../lib/gcc/arm-none-eabi/11.3.1/thumb/v7-m/nofp/crtbegin.o
                [!provide]                        PROVIDE (__fini_array_end = .)
                0x0000000008003d3c                . = ALIGN (0x4)
                0x0000000008003d3c                _sidata = LOADADDR (.data)

.data           0x0000000020000000       0x5c load address 0x0000000008003d3c
                0x0000000020000000                . = ALIGN (0x4)
                0x0000000020000000                _sdata = .
 *(.data)
 *(.data*)
 .data.SystemCoreClock
                0x0000000020000000        0x4 ./Core/Src/system_stm32f1xx.o
                0x0000000020000000                SystemCoreClock
 .data.uwTickPrio
                0x0000000020000004        0x4 ./Drivers/STM32F1xx_HAL_Driver/Src/stm32f1xx_hal.o
                0x0000000020000004                uwTickPrio
 .data.uwTickFreq
                0x0000000020000008        0x1 ./Drivers/STM32F1xx_HAL_Driver/Src/stm32f1xx_hal.o
                0x0000000020000008                uwTickFreq
 *fill*         0x0000000020000009        0x3 
 .data._impure_data
                0x000000002000000c       0x4c D:/microcontrolers/STM32/CubeIDE/STM32CubeIDE_1.13.0/STM32CubeIDE/plugins/com.st.stm32cube.ide.mcu.externaltools.gnu-tools-for-stm32.11.3.rel1.win32_1.1.0.202305231506/tools/bin/../lib/gcc/arm-none-eabi/11.3.1/../../../../arm-none-eabi/lib/thumb/v7-m/nofp\libc_nano.a(libc_a-impure.o)
                0x000000002000000c                _impure_data
 .data._impure_ptr
                0x0000000020000058        0x4 D:/microcontrolers/STM32/CubeIDE/STM32CubeIDE_1.13.0/STM32CubeIDE/plugins/com.st.stm32cube.ide.mcu.externaltools.gnu-tools-for-stm32.11.3.rel1.win32_1.1.0.202305231506/tools/bin/../lib/gcc/arm-none-eabi/11.3.1/../../../../arm-none-eabi/lib/thumb/v7-m/nofp\libc_nano.a(libc_a-impure.o)
                0x0000000020000058                _impure_ptr
 *(.RamFunc)
 *(.RamFunc*)
                0x000000002000005c                . = ALIGN (0x4)
                0x000000002000005c                _edata = .

.igot.plt       0x000000002000005c        0x0 load address 0x0000000008003d98
 .igot.plt      0x000000002000005c        0x0 D:/microcontrolers/STM32/CubeIDE/STM32CubeIDE_1.13.0/STM32CubeIDE/plugins/com.st.stm32cube.ide.mcu.externaltools.gnu-tools-for-stm32.11.3.rel1.win32_1.1.0.202305231506/tools/bin/../lib/gcc/arm-none-eabi/11.3.1/thumb/v7-m/nofp/crtbegin.o
                0x000000002000005c                . = ALIGN (0x4)

.bss            0x000000002000005c     0x3400 load address 0x0000000008003d98
                0x000000002000005c                _sbss = .
                0x000000002000005c                __bss_start__ = _sbss
 *(.bss)
 .bss           0x000000002000005c       0x1c D:/microcontrolers/STM32/CubeIDE/STM32CubeIDE_1.13.0/STM32CubeIDE/plugins/com.st.stm32cube.ide.mcu.externaltools.gnu-tools-for-stm32.11.3.rel1.win32_1.1.0.202305231506/tools/bin/../lib/gcc/arm-none-eabi/11.3.1/thumb/v7-m/nofp/crtbegin.o
 *(.bss*)
 .bss._ZL11frameBuffer
                0x0000000020000078     0x3200 ./Core/Src/LcdDisplay.o
 .bss.hspi2     0x0000000020003278       0x58 ./Core/Src/spi.o
                0x0000000020003278                hspi2
 .bss.huart2    0x00000000200032d0       0x48 ./Core/Src/usart.o
                0x00000000200032d0                huart2
 .bss.uwTick    0x0000000020003318        0x4 ./Drivers/STM32F1xx_HAL_Driver/Src/stm32f1xx_hal.o
                0x0000000020003318                uwTick
 .bss.__malloc_free_list
                0x000000002000331c        0x4 D:/microcontrolers/STM32/CubeIDE/STM32CubeIDE_1.13.0/STM32CubeIDE/plugins/com.st.stm32cube.ide.mcu.externaltools.gnu-tools-for-stm32.11.3.rel1.win32_1.1.0.202305231506/tools/bin/../lib/gcc/arm-none-eabi/11.3.1/../../../../arm-none-eabi/lib/thumb/v7-m/nofp\libc_nano.a(libc_a-mallocr.o)
                0x000000002000331c                __malloc_free_list
 .bss.__sf      0x0000000020003320      0x138 D:/microcontrolers/STM32/CubeIDE/STM32CubeIDE_1.13.0/STM32CubeIDE/plugins/com.st.stm32cube.ide.mcu.externaltools.gnu-tools-for-stm32.11.3.rel1.win32_1.1.0.202305231506/tools/bin/../lib/gcc/arm-none-eabi/11.3.1/../../../../arm-none-eabi/lib/thumb/v7-m/nofp\libc_nano.a(libc_a-findfp.o)
                0x0000000020003320                __sf
 .bss.__lock___malloc_recursive_mutex
                0x0000000020003458        0x1 D:/microcontrolers/STM32/CubeIDE/STM32CubeIDE_1.13.0/STM32CubeIDE/plugins/com.st.stm32cube.ide.mcu.externaltools.gnu-tools-for-stm32.11.3.rel1.win32_1.1.0.202305231506/tools/bin/../lib/gcc/arm-none-eabi/11.3.1/../../../../arm-none-eabi/lib/thumb/v7-m/nofp\libc_nano.a(libc_a-lock.o)
                0x0000000020003458                __lock___malloc_recursive_mutex
 *(COMMON)
                0x000000002000345c                . = ALIGN (0x4)
 *fill*         0x0000000020003459        0x3 
                0x000000002000345c                _ebss = .
                0x000000002000345c                __bss_end__ = _ebss

._user_heap_stack
                0x000000002000345c      0x604 load address 0x0000000008003d98
                0x0000000020003460                . = ALIGN (0x8)
 *fill*         0x000000002000345c        0x4 
                [!provide]                        PROVIDE (end = .)
                0x0000000020003460                PROVIDE (_end = .)
                0x0000000020003660                . = (. + _Min_Heap_Size)
 *fill*         0x0000000020003460      0x200 
                0x0000000020003a60                . = (. + _Min_Stack_Size)
 *fill*         0x0000000020003660      0x400 
                0x0000000020003a60                . = ALIGN (0x8)

/DISCARD/
 libc.a(*)
 libm.a(*)
 libgcc.a(*)

.ARM.attributes
                0x0000000000000000       0x29
 *(.ARM.attributes)
 .ARM.attributes
                0x0000000000000000       0x1d D:/microcontrolers/STM32/CubeIDE/STM32CubeIDE_1.13.0/STM32CubeIDE/plugins/com.st.stm32cube.ide.mcu.externaltools.gnu-tools-for-stm32.11.3.rel1.win32_1.1.0.202305231506/tools/bin/../lib/gcc/arm-none-eabi/11.3.1/thumb/v7-m/nofp/crti.o
 .ARM.attributes
                0x000000000000001d       0x2d D:/microcontrolers/STM32/CubeIDE/STM32CubeIDE_1.13.0/STM32CubeIDE/plugins/com.st.stm32cube.ide.mcu.externaltools.gnu-tools-for-stm32.11.3.rel1.win32_1.1.0.202305231506/tools/bin/../lib/gcc/arm-none-eabi/11.3.1/thumb/v7-m/nofp/crtbegin.o
 .ARM.attributes
                0x000000000000004a       0x2d ./Core/Src/LcdDisplay.o
 .ARM.attributes
                0x0000000000000077       0x2d ./Core/Src/gpio.o
 .ARM.attributes
                0x00000000000000a4       0x2d ./Core/Src/main.o
 .ARM.attributes
                0x00000000000000d1       0x2d ./Core/Src/spi.o
 .ARM.attributes
                0x00000000000000fe       0x2d ./Core/Src/stm32f1xx_hal_msp.o
 .ARM.attributes
                0x000000000000012b       0x2d ./Core/Src/stm32f1xx_it.o
 .ARM.attributes
                0x0000000000000158       0x2d ./Core/Src/system_stm32f1xx.o
 .ARM.attributes
                0x0000000000000185       0x2d ./Core/Src/usart.o
 .ARM.attributes
                0x00000000000001b2       0x21 ./Core/Startup/startup_stm32f103rbtx.o
 .ARM.attributes
                0x00000000000001d3       0x2d ./Drivers/STM32F1xx_HAL_Driver/Src/stm32f1xx_hal.o
 .ARM.attributes
                0x0000000000000200       0x2d ./Drivers/STM32F1xx_HAL_Driver/Src/stm32f1xx_hal_cortex.o
 .ARM.attributes
                0x000000000000022d       0x2d ./Drivers/STM32F1xx_HAL_Driver/Src/stm32f1xx_hal_gpio.o
 .ARM.attributes
                0x000000000000025a       0x2d ./Drivers/STM32F1xx_HAL_Driver/Src/stm32f1xx_hal_rcc.o
 .ARM.attributes
                0x0000000000000287       0x2d ./Drivers/STM32F1xx_HAL_Driver/Src/stm32f1xx_hal_spi.o
 .ARM.attributes
                0x00000000000002b4       0x2d ./Drivers/STM32F1xx_HAL_Driver/Src/stm32f1xx_hal_uart.o
 .ARM.attributes
                0x00000000000002e1       0x2d D:/microcontrolers/STM32/CubeIDE/STM32CubeIDE_1.13.0/STM32CubeIDE/plugins/com.st.stm32cube.ide.mcu.externaltools.gnu-tools-for-stm32.11.3.rel1.win32_1.1.0.202305231506/tools/bin/../lib/gcc/arm-none-eabi/11.3.1/../../../../arm-none-eabi/lib/thumb/v7-m/nofp\libstdc++_nano.a(del_ops.o)
 .ARM.attributes
                0x000000000000030e       0x2d D:/microcontrolers/STM32/CubeIDE/STM32CubeIDE_1.13.0/STM32CubeIDE/plugins/com.st.stm32cube.ide.mcu.externaltools.gnu-tools-for-stm32.11.3.rel1.win32_1.1.0.202305231506/tools/bin/../lib/gcc/arm-none-eabi/11.3.1/../../../../arm-none-eabi/lib/thumb/v7-m/nofp\libstdc++_nano.a(del_op.o)
 .ARM.attributes
                0x000000000000033b       0x2d D:/microcontrolers/STM32/CubeIDE/STM32CubeIDE_1.13.0/STM32CubeIDE/plugins/com.st.stm32cube.ide.mcu.externaltools.gnu-tools-for-stm32.11.3.rel1.win32_1.1.0.202305231506/tools/bin/../lib/gcc/arm-none-eabi/11.3.1/../../../../arm-none-eabi/lib/thumb/v7-m/nofp\libc_nano.a(libc_a-malloc.o)
 .ARM.attributes
                0x0000000000000368       0x2d D:/microcontrolers/STM32/CubeIDE/STM32CubeIDE_1.13.0/STM32CubeIDE/plugins/com.st.stm32cube.ide.mcu.externaltools.gnu-tools-for-stm32.11.3.rel1.win32_1.1.0.202305231506/tools/bin/../lib/gcc/arm-none-eabi/11.3.1/../../../../arm-none-eabi/lib/thumb/v7-m/nofp\libc_nano.a(libc_a-mallocr.o)
 .ARM.attributes
                0x0000000000000395       0x2d D:/microcontrolers/STM32/CubeIDE/STM32CubeIDE_1.13.0/STM32CubeIDE/plugins/com.st.stm32cube.ide.mcu.externaltools.gnu-tools-for-stm32.11.3.rel1.win32_1.1.0.202305231506/tools/bin/../lib/gcc/arm-none-eabi/11.3.1/../../../../arm-none-eabi/lib/thumb/v7-m/nofp\libc_nano.a(libc_a-mlock.o)
 .ARM.attributes
                0x00000000000003c2       0x2d D:/microcontrolers/STM32/CubeIDE/STM32CubeIDE_1.13.0/STM32CubeIDE/plugins/com.st.stm32cube.ide.mcu.externaltools.gnu-tools-for-stm32.11.3.rel1.win32_1.1.0.202305231506/tools/bin/../lib/gcc/arm-none-eabi/11.3.1/../../../../arm-none-eabi/lib/thumb/v7-m/nofp\libc_nano.a(libc_a-findfp.o)
 .ARM.attributes
                0x00000000000003ef       0x2d D:/microcontrolers/STM32/CubeIDE/STM32CubeIDE_1.13.0/STM32CubeIDE/plugins/com.st.stm32cube.ide.mcu.externaltools.gnu-tools-for-stm32.11.3.rel1.win32_1.1.0.202305231506/tools/bin/../lib/gcc/arm-none-eabi/11.3.1/../../../../arm-none-eabi/lib/thumb/v7-m/nofp\libc_nano.a(libc_a-memset.o)
 .ARM.attributes
                0x000000000000041c       0x2d D:/microcontrolers/STM32/CubeIDE/STM32CubeIDE_1.13.0/STM32CubeIDE/plugins/com.st.stm32cube.ide.mcu.externaltools.gnu-tools-for-stm32.11.3.rel1.win32_1.1.0.202305231506/tools/bin/../lib/gcc/arm-none-eabi/11.3.1/../../../../arm-none-eabi/lib/thumb/v7-m/nofp\libc_nano.a(libc_a-impure.o)
 .ARM.attributes
                0x0000000000000449       0x2d D:/microcontrolers/STM32/CubeIDE/STM32CubeIDE_1.13.0/STM32CubeIDE/plugins/com.st.stm32cube.ide.mcu.externaltools.gnu-tools-for-stm32.11.3.rel1.win32_1.1.0.202305231506/tools/bin/../lib/gcc/arm-none-eabi/11.3.1/../../../../arm-none-eabi/lib/thumb/v7-m/nofp\libc_nano.a(libc_a-init.o)
 .ARM.attributes
                0x0000000000000476       0x2d D:/microcontrolers/STM32/CubeIDE/STM32CubeIDE_1.13.0/STM32CubeIDE/plugins/com.st.stm32cube.ide.mcu.externaltools.gnu-tools-for-stm32.11.3.rel1.win32_1.1.0.202305231506/tools/bin/../lib/gcc/arm-none-eabi/11.3.1/../../../../arm-none-eabi/lib/thumb/v7-m/nofp\libc_nano.a(libc_a-lock.o)
 .ARM.attributes
                0x00000000000004a3       0x2d D:/microcontrolers/STM32/CubeIDE/STM32CubeIDE_1.13.0/STM32CubeIDE/plugins/com.st.stm32cube.ide.mcu.externaltools.gnu-tools-for-stm32.11.3.rel1.win32_1.1.0.202305231506/tools/bin/../lib/gcc/arm-none-eabi/11.3.1/../../../../arm-none-eabi/lib/thumb/v7-m/nofp\libc_nano.a(libc_a-memcpy-stub.o)
 .ARM.attributes
                0x00000000000004d0       0x2d D:/microcontrolers/STM32/CubeIDE/STM32CubeIDE_1.13.0/STM32CubeIDE/plugins/com.st.stm32cube.ide.mcu.externaltools.gnu-tools-for-stm32.11.3.rel1.win32_1.1.0.202305231506/tools/bin/../lib/gcc/arm-none-eabi/11.3.1/../../../../arm-none-eabi/lib/thumb/v7-m/nofp\libc_nano.a(libc_a-freer.o)
 .ARM.attributes
                0x00000000000004fd       0x1d D:/microcontrolers/STM32/CubeIDE/STM32CubeIDE_1.13.0/STM32CubeIDE/plugins/com.st.stm32cube.ide.mcu.externaltools.gnu-tools-for-stm32.11.3.rel1.win32_1.1.0.202305231506/tools/bin/../lib/gcc/arm-none-eabi/11.3.1/thumb/v7-m/nofp\libgcc.a(_arm_addsubdf3.o)
 .ARM.attributes
                0x000000000000051a       0x1d D:/microcontrolers/STM32/CubeIDE/STM32CubeIDE_1.13.0/STM32CubeIDE/plugins/com.st.stm32cube.ide.mcu.externaltools.gnu-tools-for-stm32.11.3.rel1.win32_1.1.0.202305231506/tools/bin/../lib/gcc/arm-none-eabi/11.3.1/thumb/v7-m/nofp\libgcc.a(_arm_muldivdf3.o)
 .ARM.attributes
                0x0000000000000537       0x1d D:/microcontrolers/STM32/CubeIDE/STM32CubeIDE_1.13.0/STM32CubeIDE/plugins/com.st.stm32cube.ide.mcu.externaltools.gnu-tools-for-stm32.11.3.rel1.win32_1.1.0.202305231506/tools/bin/../lib/gcc/arm-none-eabi/11.3.1/thumb/v7-m/nofp\libgcc.a(_arm_fixunsdfsi.o)
 .ARM.attributes
                0x0000000000000554       0x1d D:/microcontrolers/STM32/CubeIDE/STM32CubeIDE_1.13.0/STM32CubeIDE/plugins/com.st.stm32cube.ide.mcu.externaltools.gnu-tools-for-stm32.11.3.rel1.win32_1.1.0.202305231506/tools/bin/../lib/gcc/arm-none-eabi/11.3.1/thumb/v7-m/nofp\libgcc.a(_arm_truncdfsf2.o)
 .ARM.attributes
                0x0000000000000571       0x1d D:/microcontrolers/STM32/CubeIDE/STM32CubeIDE_1.13.0/STM32CubeIDE/plugins/com.st.stm32cube.ide.mcu.externaltools.gnu-tools-for-stm32.11.3.rel1.win32_1.1.0.202305231506/tools/bin/../lib/gcc/arm-none-eabi/11.3.1/thumb/v7-m/nofp\libgcc.a(_arm_addsubsf3.o)
 .ARM.attributes
                0x000000000000058e       0x1d D:/microcontrolers/STM32/CubeIDE/STM32CubeIDE_1.13.0/STM32CubeIDE/plugins/com.st.stm32cube.ide.mcu.externaltools.gnu-tools-for-stm32.11.3.rel1.win32_1.1.0.202305231506/tools/bin/../lib/gcc/arm-none-eabi/11.3.1/thumb/v7-m/nofp\libgcc.a(_arm_muldivsf3.o)
 .ARM.attributes
                0x00000000000005ab       0x1d D:/microcontrolers/STM32/CubeIDE/STM32CubeIDE_1.13.0/STM32CubeIDE/plugins/com.st.stm32cube.ide.mcu.externaltools.gnu-tools-for-stm32.11.3.rel1.win32_1.1.0.202305231506/tools/bin/../lib/gcc/arm-none-eabi/11.3.1/thumb/v7-m/nofp\libgcc.a(_arm_cmpsf2.o)
 .ARM.attributes
                0x00000000000005c8       0x1d D:/microcontrolers/STM32/CubeIDE/STM32CubeIDE_1.13.0/STM32CubeIDE/plugins/com.st.stm32cube.ide.mcu.externaltools.gnu-tools-for-stm32.11.3.rel1.win32_1.1.0.202305231506/tools/bin/../lib/gcc/arm-none-eabi/11.3.1/thumb/v7-m/nofp\libgcc.a(_arm_unordsf2.o)
 .ARM.attributes
                0x00000000000005e5       0x1d D:/microcontrolers/STM32/CubeIDE/STM32CubeIDE_1.13.0/STM32CubeIDE/plugins/com.st.stm32cube.ide.mcu.externaltools.gnu-tools-for-stm32.11.3.rel1.win32_1.1.0.202305231506/tools/bin/../lib/gcc/arm-none-eabi/11.3.1/thumb/v7-m/nofp\libgcc.a(_arm_fixsfsi.o)
 .ARM.attributes
                0x0000000000000602       0x1d D:/microcontrolers/STM32/CubeIDE/STM32CubeIDE_1.13.0/STM32CubeIDE/plugins/com.st.stm32cube.ide.mcu.externaltools.gnu-tools-for-stm32.11.3.rel1.win32_1.1.0.202305231506/tools/bin/../lib/gcc/arm-none-eabi/11.3.1/thumb/v7-m/nofp/crtn.o
OUTPUT(screen.elf elf32-littlearm)
LOAD linker stubs
LOAD D:/microcontrolers/STM32/CubeIDE/STM32CubeIDE_1.13.0/STM32CubeIDE/plugins/com.st.stm32cube.ide.mcu.externaltools.gnu-tools-for-stm32.11.3.rel1.win32_1.1.0.202305231506/tools/bin/../lib/gcc/arm-none-eabi/11.3.1/../../../../arm-none-eabi/lib/thumb/v7-m/nofp\libc.a
LOAD D:/microcontrolers/STM32/CubeIDE/STM32CubeIDE_1.13.0/STM32CubeIDE/plugins/com.st.stm32cube.ide.mcu.externaltools.gnu-tools-for-stm32.11.3.rel1.win32_1.1.0.202305231506/tools/bin/../lib/gcc/arm-none-eabi/11.3.1/../../../../arm-none-eabi/lib/thumb/v7-m/nofp\libm.a
LOAD D:/microcontrolers/STM32/CubeIDE/STM32CubeIDE_1.13.0/STM32CubeIDE/plugins/com.st.stm32cube.ide.mcu.externaltools.gnu-tools-for-stm32.11.3.rel1.win32_1.1.0.202305231506/tools/bin/../lib/gcc/arm-none-eabi/11.3.1/thumb/v7-m/nofp\libgcc.a

.comment        0x0000000000000000       0x43
 .comment       0x0000000000000000       0x43 D:/microcontrolers/STM32/CubeIDE/STM32CubeIDE_1.13.0/STM32CubeIDE/plugins/com.st.stm32cube.ide.mcu.externaltools.gnu-tools-for-stm32.11.3.rel1.win32_1.1.0.202305231506/tools/bin/../lib/gcc/arm-none-eabi/11.3.1/thumb/v7-m/nofp/crtbegin.o
                                         0x44 (size before relaxing)
 .comment       0x0000000000000043       0x44 ./Core/Src/LcdDisplay.o
 .comment       0x0000000000000043       0x44 ./Core/Src/gpio.o
 .comment       0x0000000000000043       0x44 ./Core/Src/main.o
 .comment       0x0000000000000043       0x44 ./Core/Src/spi.o
 .comment       0x0000000000000043       0x44 ./Core/Src/stm32f1xx_hal_msp.o
 .comment       0x0000000000000043       0x44 ./Core/Src/stm32f1xx_it.o
 .comment       0x0000000000000043       0x44 ./Core/Src/system_stm32f1xx.o
 .comment       0x0000000000000043       0x44 ./Core/Src/usart.o
 .comment       0x0000000000000043       0x44 ./Drivers/STM32F1xx_HAL_Driver/Src/stm32f1xx_hal.o
 .comment       0x0000000000000043       0x44 ./Drivers/STM32F1xx_HAL_Driver/Src/stm32f1xx_hal_cortex.o
 .comment       0x0000000000000043       0x44 ./Drivers/STM32F1xx_HAL_Driver/Src/stm32f1xx_hal_gpio.o
 .comment       0x0000000000000043       0x44 ./Drivers/STM32F1xx_HAL_Driver/Src/stm32f1xx_hal_rcc.o
 .comment       0x0000000000000043       0x44 ./Drivers/STM32F1xx_HAL_Driver/Src/stm32f1xx_hal_spi.o
 .comment       0x0000000000000043       0x44 ./Drivers/STM32F1xx_HAL_Driver/Src/stm32f1xx_hal_uart.o

.debug_info     0x0000000000000000     0x9e0d
 .debug_info    0x0000000000000000     0x1d05 ./Core/Src/LcdDisplay.o
 .debug_info    0x0000000000001d05      0x44e ./Core/Src/gpio.o
 .debug_info    0x0000000000002153      0x439 ./Core/Src/main.o
 .debug_info    0x000000000000258c      0x7b2 ./Core/Src/spi.o
 .debug_info    0x0000000000002d3e      0x1f1 ./Core/Src/stm32f1xx_hal_msp.o
 .debug_info    0x0000000000002f2f      0x14b ./Core/Src/stm32f1xx_it.o
 .debug_info    0x000000000000307a      0x222 ./Core/Src/system_stm32f1xx.o
 .debug_info    0x000000000000329c      0x798 ./Core/Src/usart.o
 .debug_info    0x0000000000003a34       0x23 ./Core/Startup/startup_stm32f103rbtx.o
 .debug_info    0x0000000000003a57      0x704 ./Drivers/STM32F1xx_HAL_Driver/Src/stm32f1xx_hal.o
 .debug_info    0x000000000000415b      0xa87 ./Drivers/STM32F1xx_HAL_Driver/Src/stm32f1xx_hal_cortex.o
 .debug_info    0x0000000000004be2      0x5ab ./Drivers/STM32F1xx_HAL_Driver/Src/stm32f1xx_hal_gpio.o
 .debug_info    0x000000000000518d      0x7d5 ./Drivers/STM32F1xx_HAL_Driver/Src/stm32f1xx_hal_rcc.o
 .debug_info    0x0000000000005962     0x1503 ./Drivers/STM32F1xx_HAL_Driver/Src/stm32f1xx_hal_spi.o
 .debug_info    0x0000000000006e65     0x2fa8 ./Drivers/STM32F1xx_HAL_Driver/Src/stm32f1xx_hal_uart.o

.debug_abbrev   0x0000000000000000     0x1df1
 .debug_abbrev  0x0000000000000000      0x530 ./Core/Src/LcdDisplay.o
 .debug_abbrev  0x0000000000000530      0x161 ./Core/Src/gpio.o
 .debug_abbrev  0x0000000000000691      0x1dc ./Core/Src/main.o
 .debug_abbrev  0x000000000000086d      0x1e0 ./Core/Src/spi.o
 .debug_abbrev  0x0000000000000a4d       0xdb ./Core/Src/stm32f1xx_hal_msp.o
 .debug_abbrev  0x0000000000000b28       0xa0 ./Core/Src/stm32f1xx_it.o
 .debug_abbrev  0x0000000000000bc8      0x13f ./Core/Src/system_stm32f1xx.o
 .debug_abbrev  0x0000000000000d07      0x1e6 ./Core/Src/usart.o
 .debug_abbrev  0x0000000000000eed       0x12 ./Core/Startup/startup_stm32f103rbtx.o
 .debug_abbrev  0x0000000000000eff      0x201 ./Drivers/STM32F1xx_HAL_Driver/Src/stm32f1xx_hal.o
 .debug_abbrev  0x0000000000001100      0x2f8 ./Drivers/STM32F1xx_HAL_Driver/Src/stm32f1xx_hal_cortex.o
 .debug_abbrev  0x00000000000013f8      0x1ca ./Drivers/STM32F1xx_HAL_Driver/Src/stm32f1xx_hal_gpio.o
 .debug_abbrev  0x00000000000015c2      0x2b3 ./Drivers/STM32F1xx_HAL_Driver/Src/stm32f1xx_hal_rcc.o
 .debug_abbrev  0x0000000000001875      0x284 ./Drivers/STM32F1xx_HAL_Driver/Src/stm32f1xx_hal_spi.o
 .debug_abbrev  0x0000000000001af9      0x2f8 ./Drivers/STM32F1xx_HAL_Driver/Src/stm32f1xx_hal_uart.o

.debug_aranges  0x0000000000000000      0x8f8
 .debug_aranges
                0x0000000000000000       0xd0 ./Core/Src/LcdDisplay.o
 .debug_aranges
                0x00000000000000d0       0x20 ./Core/Src/gpio.o
 .debug_aranges
                0x00000000000000f0       0x30 ./Core/Src/main.o
 .debug_aranges
                0x0000000000000120       0x30 ./Core/Src/spi.o
 .debug_aranges
                0x0000000000000150       0x20 ./Core/Src/stm32f1xx_hal_msp.o
 .debug_aranges
                0x0000000000000170       0x68 ./Core/Src/stm32f1xx_it.o
 .debug_aranges
                0x00000000000001d8       0x28 ./Core/Src/system_stm32f1xx.o
 .debug_aranges
                0x0000000000000200       0x30 ./Core/Src/usart.o
 .debug_aranges
                0x0000000000000230       0x28 ./Core/Startup/startup_stm32f103rbtx.o
 .debug_aranges
                0x0000000000000258       0xe0 ./Drivers/STM32F1xx_HAL_Driver/Src/stm32f1xx_hal.o
 .debug_aranges
                0x0000000000000338      0x100 ./Drivers/STM32F1xx_HAL_Driver/Src/stm32f1xx_hal_cortex.o
 .debug_aranges
                0x0000000000000438       0x58 ./Drivers/STM32F1xx_HAL_Driver/Src/stm32f1xx_hal_gpio.o
 .debug_aranges
                0x0000000000000490       0x90 ./Drivers/STM32F1xx_HAL_Driver/Src/stm32f1xx_hal_rcc.o
 .debug_aranges
                0x0000000000000520      0x1d0 ./Drivers/STM32F1xx_HAL_Driver/Src/stm32f1xx_hal_spi.o
 .debug_aranges
                0x00000000000006f0      0x208 ./Drivers/STM32F1xx_HAL_Driver/Src/stm32f1xx_hal_uart.o

.debug_rnglists
                0x0000000000000000      0x6d7
 .debug_rnglists
                0x0000000000000000       0xa1 ./Core/Src/LcdDisplay.o
 .debug_rnglists
                0x00000000000000a1       0x14 ./Core/Src/gpio.o
 .debug_rnglists
                0x00000000000000b5       0x21 ./Core/Src/main.o
 .debug_rnglists
                0x00000000000000d6       0x20 ./Core/Src/spi.o
 .debug_rnglists
                0x00000000000000f6       0x13 ./Core/Src/stm32f1xx_hal_msp.o
 .debug_rnglists
                0x0000000000000109       0x49 ./Core/Src/stm32f1xx_it.o
 .debug_rnglists
                0x0000000000000152       0x1a ./Core/Src/system_stm32f1xx.o
 .debug_rnglists
                0x000000000000016c       0x1f ./Core/Src/usart.o
 .debug_rnglists
                0x000000000000018b       0x19 ./Core/Startup/startup_stm32f103rbtx.o
 .debug_rnglists
                0x00000000000001a4       0xa3 ./Drivers/STM32F1xx_HAL_Driver/Src/stm32f1xx_hal.o
 .debug_rnglists
                0x0000000000000247       0xbb ./Drivers/STM32F1xx_HAL_Driver/Src/stm32f1xx_hal_cortex.o
 .debug_rnglists
                0x0000000000000302       0x3f ./Drivers/STM32F1xx_HAL_Driver/Src/stm32f1xx_hal_gpio.o
 .debug_rnglists
                0x0000000000000341       0x6c ./Drivers/STM32F1xx_HAL_Driver/Src/stm32f1xx_hal_rcc.o
 .debug_rnglists
                0x00000000000003ad      0x16e ./Drivers/STM32F1xx_HAL_Driver/Src/stm32f1xx_hal_spi.o
 .debug_rnglists
                0x000000000000051b      0x1bc ./Drivers/STM32F1xx_HAL_Driver/Src/stm32f1xx_hal_uart.o

.debug_macro    0x0000000000000000    0x199ab
 .debug_macro   0x0000000000000000      0x39a ./Core/Src/LcdDisplay.o
 .debug_macro   0x000000000000039a      0xb74 ./Core/Src/LcdDisplay.o
 .debug_macro   0x0000000000000f0e      0x21b ./Core/Src/LcdDisplay.o
 .debug_macro   0x0000000000001129       0x2e ./Core/Src/LcdDisplay.o
 .debug_macro   0x0000000000001157       0x22 ./Core/Src/LcdDisplay.o
 .debug_macro   0x0000000000001179       0x1c ./Core/Src/LcdDisplay.o
 .debug_macro   0x0000000000001195       0x22 ./Core/Src/LcdDisplay.o
 .debug_macro   0x00000000000011b7       0x8e ./Core/Src/LcdDisplay.o
 .debug_macro   0x0000000000001245       0x51 ./Core/Src/LcdDisplay.o
 .debug_macro   0x0000000000001296      0x103 ./Core/Src/LcdDisplay.o
 .debug_macro   0x0000000000001399       0x6a ./Core/Src/LcdDisplay.o
 .debug_macro   0x0000000000001403      0x1df ./Core/Src/LcdDisplay.o
 .debug_macro   0x00000000000015e2       0x1c ./Core/Src/LcdDisplay.o
 .debug_macro   0x00000000000015fe       0x22 ./Core/Src/LcdDisplay.o
 .debug_macro   0x0000000000001620       0xbd ./Core/Src/LcdDisplay.o
 .debug_macro   0x00000000000016dd      0xd23 ./Core/Src/LcdDisplay.o
 .debug_macro   0x0000000000002400     0xe09e ./Core/Src/LcdDisplay.o
 .debug_macro   0x000000000001049e       0x6d ./Core/Src/LcdDisplay.o
 .debug_macro   0x000000000001050b     0x348d ./Core/Src/LcdDisplay.o
 .debug_macro   0x0000000000013998      0x17b ./Core/Src/LcdDisplay.o
 .debug_macro   0x0000000000013b13       0x5c ./Core/Src/LcdDisplay.o
 .debug_macro   0x0000000000013b6f      0x5bc ./Core/Src/LcdDisplay.o
 .debug_macro   0x000000000001412b      0x289 ./Core/Src/LcdDisplay.o
 .debug_macro   0x00000000000143b4      0x1cb ./Core/Src/LcdDisplay.o
 .debug_macro   0x000000000001457f      0x114 ./Core/Src/LcdDisplay.o
 .debug_macro   0x0000000000014693      0x1b2 ./Core/Src/LcdDisplay.o
 .debug_macro   0x0000000000014845       0x27 ./Core/Src/LcdDisplay.o
 .debug_macro   0x000000000001486c      0x136 ./Core/Src/LcdDisplay.o
 .debug_macro   0x00000000000149a2      0x1bc ./Core/Src/LcdDisplay.o
 .debug_macro   0x0000000000014b5e       0x34 ./Core/Src/LcdDisplay.o
 .debug_macro   0x0000000000014b92       0x3c ./Core/Src/LcdDisplay.o
 .debug_macro   0x0000000000014bce       0x57 ./Core/Src/LcdDisplay.o
 .debug_macro   0x0000000000014c25       0x87 ./Core/Src/LcdDisplay.o
 .debug_macro   0x0000000000014cac      0x240 ./Core/Src/LcdDisplay.o
 .debug_macro   0x0000000000014eec      0x140 ./Core/Src/LcdDisplay.o
 .debug_macro   0x000000000001502c      0x217 ./Core/Src/LcdDisplay.o
 .debug_macro   0x0000000000015243      0x28e ./Core/Src/LcdDisplay.o
 .debug_macro   0x00000000000154d1       0x83 ./Core/Src/LcdDisplay.o
 .debug_macro   0x0000000000015554       0x82 ./Core/Src/LcdDisplay.o
 .debug_macro   0x00000000000155d6      0x1b2 ./Core/Src/LcdDisplay.o
 .debug_macro   0x0000000000015788       0x10 ./Core/Src/LcdDisplay.o
 .debug_macro   0x0000000000015798      0x3ed ./Core/Src/LcdDisplay.o
 .debug_macro   0x0000000000015b85       0x10 ./Core/Src/LcdDisplay.o
 .debug_macro   0x0000000000015b95       0x24 ./Core/Src/LcdDisplay.o
 .debug_macro   0x0000000000015bb9       0x61 ./Core/Src/LcdDisplay.o
 .debug_macro   0x0000000000015c1a       0x43 ./Core/Src/LcdDisplay.o
 .debug_macro   0x0000000000015c5d       0x34 ./Core/Src/LcdDisplay.o
 .debug_macro   0x0000000000015c91       0x16 ./Core/Src/LcdDisplay.o
 .debug_macro   0x0000000000015ca7       0x35 ./Core/Src/LcdDisplay.o
 .debug_macro   0x0000000000015cdc       0x16 ./Core/Src/LcdDisplay.o
 .debug_macro   0x0000000000015cf2       0x43 ./Core/Src/LcdDisplay.o
 .debug_macro   0x0000000000015d35       0x34 ./Core/Src/LcdDisplay.o
 .debug_macro   0x0000000000015d69       0x10 ./Core/Src/LcdDisplay.o
 .debug_macro   0x0000000000015d79       0x58 ./Core/Src/LcdDisplay.o
 .debug_macro   0x0000000000015dd1       0x8e ./Core/Src/LcdDisplay.o
 .debug_macro   0x0000000000015e5f       0x16 ./Core/Src/LcdDisplay.o
 .debug_macro   0x0000000000015e75      0x177 ./Core/Src/LcdDisplay.o
 .debug_macro   0x0000000000015fec      0x38c ./Core/Src/LcdDisplay.o
 .debug_macro   0x0000000000016378       0x16 ./Core/Src/LcdDisplay.o
 .debug_macro   0x000000000001638e       0x29 ./Core/Src/LcdDisplay.o
 .debug_macro   0x00000000000163b7       0x1c ./Core/Src/LcdDisplay.o
 .debug_macro   0x00000000000163d3       0xde ./Core/Src/LcdDisplay.o
 .debug_macro   0x00000000000164b1       0x18 ./Core/Src/LcdDisplay.o
 .debug_macro   0x00000000000164c9      0x194 ./Core/Src/LcdDisplay.o
 .debug_macro   0x000000000001665d      0x3cd ./Core/Src/LcdDisplay.o
 .debug_macro   0x0000000000016a2a       0x3a ./Core/Src/LcdDisplay.o
 .debug_macro   0x0000000000016a64      0x1b1 ./Core/Src/gpio.o
 .debug_macro   0x0000000000016c15      0xa9c ./Core/Src/gpio.o
 .debug_macro   0x00000000000176b1      0xd23 ./Core/Src/gpio.o
 .debug_macro   0x00000000000183d4      0x174 ./Core/Src/gpio.o
 .debug_macro   0x0000000000018548      0x1d7 ./Core/Src/main.o
 .debug_macro   0x000000000001871f      0x1b1 ./Core/Src/spi.o
 .debug_macro   0x00000000000188d0      0x1a7 ./Core/Src/stm32f1xx_hal_msp.o
 .debug_macro   0x0000000000018a77      0x1b1 ./Core/Src/stm32f1xx_it.o
 .debug_macro   0x0000000000018c28      0x198 ./Core/Src/system_stm32f1xx.o
 .debug_macro   0x0000000000018dc0      0x1b1 ./Core/Src/usart.o
 .debug_macro   0x0000000000018f71      0x1bc ./Drivers/STM32F1xx_HAL_Driver/Src/stm32f1xx_hal.o
 .debug_macro   0x000000000001912d      0x198 ./Drivers/STM32F1xx_HAL_Driver/Src/stm32f1xx_hal_cortex.o
 .debug_macro   0x00000000000192c5      0x203 ./Drivers/STM32F1xx_HAL_Driver/Src/stm32f1xx_hal_gpio.o
 .debug_macro   0x00000000000194c8      0x1aa ./Drivers/STM32F1xx_HAL_Driver/Src/stm32f1xx_hal_rcc.o
 .debug_macro   0x0000000000019672      0x1a0 ./Drivers/STM32F1xx_HAL_Driver/Src/stm32f1xx_hal_spi.o
 .debug_macro   0x0000000000019812      0x199 ./Drivers/STM32F1xx_HAL_Driver/Src/stm32f1xx_hal_uart.o

.debug_line     0x0000000000000000     0xb784
 .debug_line    0x0000000000000000     0x1404 ./Core/Src/LcdDisplay.o
 .debug_line    0x0000000000001404      0x6e9 ./Core/Src/gpio.o
 .debug_line    0x0000000000001aed      0x77d ./Core/Src/main.o
 .debug_line    0x000000000000226a      0x72c ./Core/Src/spi.o
 .debug_line    0x0000000000002996      0x6c0 ./Core/Src/stm32f1xx_hal_msp.o
 .debug_line    0x0000000000003056      0x799 ./Core/Src/stm32f1xx_it.o
 .debug_line    0x00000000000037ef      0x73d ./Core/Src/system_stm32f1xx.o
 .debug_line    0x0000000000003f2c      0x724 ./Core/Src/usart.o
 .debug_line    0x0000000000004650       0x78 ./Core/Startup/startup_stm32f103rbtx.o
 .debug_line    0x00000000000046c8      0x96a ./Drivers/STM32F1xx_HAL_Driver/Src/stm32f1xx_hal.o
 .debug_line    0x0000000000005032      0xb52 ./Drivers/STM32F1xx_HAL_Driver/Src/stm32f1xx_hal_cortex.o
 .debug_line    0x0000000000005b84      0xa03 ./Drivers/STM32F1xx_HAL_Driver/Src/stm32f1xx_hal_gpio.o
 .debug_line    0x0000000000006587      0xd73 ./Drivers/STM32F1xx_HAL_Driver/Src/stm32f1xx_hal_rcc.o
 .debug_line    0x00000000000072fa     0x1bf2 ./Drivers/STM32F1xx_HAL_Driver/Src/stm32f1xx_hal_spi.o
 .debug_line    0x0000000000008eec     0x2898 ./Drivers/STM32F1xx_HAL_Driver/Src/stm32f1xx_hal_uart.o

.debug_str      0x0000000000000000    0x86672
 .debug_str     0x0000000000000000    0x8448c ./Core/Src/LcdDisplay.o
                                      0x849c4 (size before relaxing)
 .debug_str     0x000000000008448c      0x512 ./Core/Src/gpio.o
                                      0x7e212 (size before relaxing)
 .debug_str     0x000000000008499e      0x1f0 ./Core/Src/main.o
                                      0x7e6d3 (size before relaxing)
 .debug_str     0x0000000000084b8e       0x5b ./Core/Src/spi.o
                                      0x7e31c (size before relaxing)
 .debug_str     0x0000000000084be9       0x5a ./Core/Src/stm32f1xx_hal_msp.o
                                      0x7de93 (size before relaxing)
 .debug_str     0x0000000000084c43       0xf7 ./Core/Src/stm32f1xx_it.o
                                      0x7deea (size before relaxing)
 .debug_str     0x0000000000084d3a       0x7e ./Core/Src/system_stm32f1xx.o
                                      0x7dcf1 (size before relaxing)
 .debug_str     0x0000000000084db8      0x1e4 ./Core/Src/usart.o
                                      0x7e353 (size before relaxing)
 .debug_str     0x0000000000084f9c       0x34 ./Core/Startup/startup_stm32f103rbtx.o
                                         0x60 (size before relaxing)
 .debug_str     0x0000000000084fd0      0x37a ./Drivers/STM32F1xx_HAL_Driver/Src/stm32f1xx_hal.o
                                      0x7e424 (size before relaxing)
 .debug_str     0x000000000008534a      0x2a8 ./Drivers/STM32F1xx_HAL_Driver/Src/stm32f1xx_hal_cortex.o
                                      0x7e370 (size before relaxing)
 .debug_str     0x00000000000855f2      0x2cd ./Drivers/STM32F1xx_HAL_Driver/Src/stm32f1xx_hal_gpio.o
                                      0x7e077 (size before relaxing)
 .debug_str     0x00000000000858bf      0x229 ./Drivers/STM32F1xx_HAL_Driver/Src/stm32f1xx_hal_rcc.o
                                      0x7e120 (size before relaxing)
 .debug_str     0x0000000000085ae8      0x565 ./Drivers/STM32F1xx_HAL_Driver/Src/stm32f1xx_hal_spi.o
                                      0x7e61d (size before relaxing)
 .debug_str     0x000000000008604d      0x625 ./Drivers/STM32F1xx_HAL_Driver/Src/stm32f1xx_hal_uart.o
                                      0x7e791 (size before relaxing)

.debug_frame    0x0000000000000000     0x2948
 .debug_frame   0x0000000000000000      0x388 ./Core/Src/LcdDisplay.o
 .debug_frame   0x0000000000000388       0x34 ./Core/Src/gpio.o
 .debug_frame   0x00000000000003bc       0x6c ./Core/Src/main.o
 .debug_frame   0x0000000000000428       0x74 ./Core/Src/spi.o
 .debug_frame   0x000000000000049c       0x38 ./Core/Src/stm32f1xx_hal_msp.o
 .debug_frame   0x00000000000004d4      0x120 ./Core/Src/stm32f1xx_it.o
 .debug_frame   0x00000000000005f4       0x58 ./Core/Src/system_stm32f1xx.o
 .debug_frame   0x000000000000064c       0x74 ./Core/Src/usart.o
 .debug_frame   0x00000000000006c0      0x334 ./Drivers/STM32F1xx_HAL_Driver/Src/stm32f1xx_hal.o
 .debug_frame   0x00000000000009f4      0x428 ./Drivers/STM32F1xx_HAL_Driver/Src/stm32f1xx_hal_cortex.o
 .debug_frame   0x0000000000000e1c      0x14c ./Drivers/STM32F1xx_HAL_Driver/Src/stm32f1xx_hal_gpio.o
 .debug_frame   0x0000000000000f68      0x218 ./Drivers/STM32F1xx_HAL_Driver/Src/stm32f1xx_hal_rcc.o
 .debug_frame   0x0000000000001180      0x824 ./Drivers/STM32F1xx_HAL_Driver/Src/stm32f1xx_hal_spi.o
 .debug_frame   0x00000000000019a4      0x944 ./Drivers/STM32F1xx_HAL_Driver/Src/stm32f1xx_hal_uart.o
 .debug_frame   0x00000000000022e8       0x20 D:/microcontrolers/STM32/CubeIDE/STM32CubeIDE_1.13.0/STM32CubeIDE/plugins/com.st.stm32cube.ide.mcu.externaltools.gnu-tools-for-stm32.11.3.rel1.win32_1.1.0.202305231506/tools/bin/../lib/gcc/arm-none-eabi/11.3.1/../../../../arm-none-eabi/lib/thumb/v7-m/nofp\libstdc++_nano.a(del_ops.o)
 .debug_frame   0x0000000000002308       0x20 D:/microcontrolers/STM32/CubeIDE/STM32CubeIDE_1.13.0/STM32CubeIDE/plugins/com.st.stm32cube.ide.mcu.externaltools.gnu-tools-for-stm32.11.3.rel1.win32_1.1.0.202305231506/tools/bin/../lib/gcc/arm-none-eabi/11.3.1/../../../../arm-none-eabi/lib/thumb/v7-m/nofp\libstdc++_nano.a(del_op.o)
 .debug_frame   0x0000000000002328       0x30 D:/microcontrolers/STM32/CubeIDE/STM32CubeIDE_1.13.0/STM32CubeIDE/plugins/com.st.stm32cube.ide.mcu.externaltools.gnu-tools-for-stm32.11.3.rel1.win32_1.1.0.202305231506/tools/bin/../lib/gcc/arm-none-eabi/11.3.1/../../../../arm-none-eabi/lib/thumb/v7-m/nofp\libc_nano.a(libc_a-malloc.o)
 .debug_frame   0x0000000000002358       0x50 D:/microcontrolers/STM32/CubeIDE/STM32CubeIDE_1.13.0/STM32CubeIDE/plugins/com.st.stm32cube.ide.mcu.externaltools.gnu-tools-for-stm32.11.3.rel1.win32_1.1.0.202305231506/tools/bin/../lib/gcc/arm-none-eabi/11.3.1/../../../../arm-none-eabi/lib/thumb/v7-m/nofp\libc_nano.a(libc_a-mallocr.o)
 .debug_frame   0x00000000000023a8       0x30 D:/microcontrolers/STM32/CubeIDE/STM32CubeIDE_1.13.0/STM32CubeIDE/plugins/com.st.stm32cube.ide.mcu.externaltools.gnu-tools-for-stm32.11.3.rel1.win32_1.1.0.202305231506/tools/bin/../lib/gcc/arm-none-eabi/11.3.1/../../../../arm-none-eabi/lib/thumb/v7-m/nofp\libc_nano.a(libc_a-mlock.o)
 .debug_frame   0x00000000000023d8      0x13c D:/microcontrolers/STM32/CubeIDE/STM32CubeIDE_1.13.0/STM32CubeIDE/plugins/com.st.stm32cube.ide.mcu.externaltools.gnu-tools-for-stm32.11.3.rel1.win32_1.1.0.202305231506/tools/bin/../lib/gcc/arm-none-eabi/11.3.1/../../../../arm-none-eabi/lib/thumb/v7-m/nofp\libc_nano.a(libc_a-findfp.o)
 .debug_frame   0x0000000000002514       0x20 D:/microcontrolers/STM32/CubeIDE/STM32CubeIDE_1.13.0/STM32CubeIDE/plugins/com.st.stm32cube.ide.mcu.externaltools.gnu-tools-for-stm32.11.3.rel1.win32_1.1.0.202305231506/tools/bin/../lib/gcc/arm-none-eabi/11.3.1/../../../../arm-none-eabi/lib/thumb/v7-m/nofp\libc_nano.a(libc_a-memset.o)
 .debug_frame   0x0000000000002534       0x2c D:/microcontrolers/STM32/CubeIDE/STM32CubeIDE_1.13.0/STM32CubeIDE/plugins/com.st.stm32cube.ide.mcu.externaltools.gnu-tools-for-stm32.11.3.rel1.win32_1.1.0.202305231506/tools/bin/../lib/gcc/arm-none-eabi/11.3.1/../../../../arm-none-eabi/lib/thumb/v7-m/nofp\libc_nano.a(libc_a-init.o)
 .debug_frame   0x0000000000002560       0xb0 D:/microcontrolers/STM32/CubeIDE/STM32CubeIDE_1.13.0/STM32CubeIDE/plugins/com.st.stm32cube.ide.mcu.externaltools.gnu-tools-for-stm32.11.3.rel1.win32_1.1.0.202305231506/tools/bin/../lib/gcc/arm-none-eabi/11.3.1/../../../../arm-none-eabi/lib/thumb/v7-m/nofp\libc_nano.a(libc_a-lock.o)
 .debug_frame   0x0000000000002610       0x28 D:/microcontrolers/STM32/CubeIDE/STM32CubeIDE_1.13.0/STM32CubeIDE/plugins/com.st.stm32cube.ide.mcu.externaltools.gnu-tools-for-stm32.11.3.rel1.win32_1.1.0.202305231506/tools/bin/../lib/gcc/arm-none-eabi/11.3.1/../../../../arm-none-eabi/lib/thumb/v7-m/nofp\libc_nano.a(libc_a-memcpy-stub.o)
 .debug_frame   0x0000000000002638       0x38 D:/microcontrolers/STM32/CubeIDE/STM32CubeIDE_1.13.0/STM32CubeIDE/plugins/com.st.stm32cube.ide.mcu.externaltools.gnu-tools-for-stm32.11.3.rel1.win32_1.1.0.202305231506/tools/bin/../lib/gcc/arm-none-eabi/11.3.1/../../../../arm-none-eabi/lib/thumb/v7-m/nofp\libc_nano.a(libc_a-freer.o)
 .debug_frame   0x0000000000002670       0xac D:/microcontrolers/STM32/CubeIDE/STM32CubeIDE_1.13.0/STM32CubeIDE/plugins/com.st.stm32cube.ide.mcu.externaltools.gnu-tools-for-stm32.11.3.rel1.win32_1.1.0.202305231506/tools/bin/../lib/gcc/arm-none-eabi/11.3.1/thumb/v7-m/nofp\libgcc.a(_arm_addsubdf3.o)
 .debug_frame   0x000000000000271c       0x50 D:/microcontrolers/STM32/CubeIDE/STM32CubeIDE_1.13.0/STM32CubeIDE/plugins/com.st.stm32cube.ide.mcu.externaltools.gnu-tools-for-stm32.11.3.rel1.win32_1.1.0.202305231506/tools/bin/../lib/gcc/arm-none-eabi/11.3.1/thumb/v7-m/nofp\libgcc.a(_arm_muldivdf3.o)
 .debug_frame   0x000000000000276c       0x24 D:/microcontrolers/STM32/CubeIDE/STM32CubeIDE_1.13.0/STM32CubeIDE/plugins/com.st.stm32cube.ide.mcu.externaltools.gnu-tools-for-stm32.11.3.rel1.win32_1.1.0.202305231506/tools/bin/../lib/gcc/arm-none-eabi/11.3.1/thumb/v7-m/nofp\libgcc.a(_arm_fixunsdfsi.o)
 .debug_frame   0x0000000000002790       0x24 D:/microcontrolers/STM32/CubeIDE/STM32CubeIDE_1.13.0/STM32CubeIDE/plugins/com.st.stm32cube.ide.mcu.externaltools.gnu-tools-for-stm32.11.3.rel1.win32_1.1.0.202305231506/tools/bin/../lib/gcc/arm-none-eabi/11.3.1/thumb/v7-m/nofp\libgcc.a(_arm_truncdfsf2.o)
 .debug_frame   0x00000000000027b4       0x4c D:/microcontrolers/STM32/CubeIDE/STM32CubeIDE_1.13.0/STM32CubeIDE/plugins/com.st.stm32cube.ide.mcu.externaltools.gnu-tools-for-stm32.11.3.rel1.win32_1.1.0.202305231506/tools/bin/../lib/gcc/arm-none-eabi/11.3.1/thumb/v7-m/nofp\libgcc.a(_arm_addsubsf3.o)
 .debug_frame   0x0000000000002800       0x38 D:/microcontrolers/STM32/CubeIDE/STM32CubeIDE_1.13.0/STM32CubeIDE/plugins/com.st.stm32cube.ide.mcu.externaltools.gnu-tools-for-stm32.11.3.rel1.win32_1.1.0.202305231506/tools/bin/../lib/gcc/arm-none-eabi/11.3.1/thumb/v7-m/nofp\libgcc.a(_arm_muldivsf3.o)
 .debug_frame   0x0000000000002838       0xc8 D:/microcontrolers/STM32/CubeIDE/STM32CubeIDE_1.13.0/STM32CubeIDE/plugins/com.st.stm32cube.ide.mcu.externaltools.gnu-tools-for-stm32.11.3.rel1.win32_1.1.0.202305231506/tools/bin/../lib/gcc/arm-none-eabi/11.3.1/thumb/v7-m/nofp\libgcc.a(_arm_cmpsf2.o)
 .debug_frame   0x0000000000002900       0x24 D:/microcontrolers/STM32/CubeIDE/STM32CubeIDE_1.13.0/STM32CubeIDE/plugins/com.st.stm32cube.ide.mcu.externaltools.gnu-tools-for-stm32.11.3.rel1.win32_1.1.0.202305231506/tools/bin/../lib/gcc/arm-none-eabi/11.3.1/thumb/v7-m/nofp\libgcc.a(_arm_unordsf2.o)
 .debug_frame   0x0000000000002924       0x24 D:/microcontrolers/STM32/CubeIDE/STM32CubeIDE_1.13.0/STM32CubeIDE/plugins/com.st.stm32cube.ide.mcu.externaltools.gnu-tools-for-stm32.11.3.rel1.win32_1.1.0.202305231506/tools/bin/../lib/gcc/arm-none-eabi/11.3.1/thumb/v7-m/nofp\libgcc.a(_arm_fixsfsi.o)

.debug_line_str
                0x0000000000000000       0x54
 .debug_line_str
                0x0000000000000000       0x54 ./Core/Startup/startup_stm32f103rbtx.o
                                         0x6c (size before relaxing)
